Archive member included because of file (symbol)

c:/program files (x86)/atmel/atmel toolchain/arm gcc/native/4.8.1426/arm-gnu-toolchain/bin/../lib/gcc/arm-none-eabi/4.8.3/armv6-m\libgcc.a(_udivsi3.o)
                              src/ASF/sam0/drivers/sercom/i2c/i2c_samd20/i2c_master.o (__aeabi_uidiv)
c:/program files (x86)/atmel/atmel toolchain/arm gcc/native/4.8.1426/arm-gnu-toolchain/bin/../lib/gcc/arm-none-eabi/4.8.3/armv6-m\libgcc.a(_dvmd_tls.o)
                              c:/program files (x86)/atmel/atmel toolchain/arm gcc/native/4.8.1426/arm-gnu-toolchain/bin/../lib/gcc/arm-none-eabi/4.8.3/armv6-m\libgcc.a(_udivsi3.o) (__aeabi_idiv0)
c:/program files (x86)/atmel/atmel toolchain/arm gcc/native/4.8.1426/arm-gnu-toolchain/bin/../lib/gcc/arm-none-eabi/4.8.3/armv6-m\libgcc.a(_arm_cmpdf2.o)
                              src/main.o (__aeabi_dcmplt)
c:/program files (x86)/atmel/atmel toolchain/arm gcc/native/4.8.1426/arm-gnu-toolchain/bin/../lib/gcc/arm-none-eabi/4.8.3/armv6-m\libgcc.a(_aeabi_uldivmod.o)
                              src/ASF/sam0/drivers/sercom/sercom.o (__aeabi_uldivmod)
c:/program files (x86)/atmel/atmel toolchain/arm gcc/native/4.8.1426/arm-gnu-toolchain/bin/../lib/gcc/arm-none-eabi/4.8.3/armv6-m\libgcc.a(_muldi3.o)
                              src/ASF/sam0/drivers/sercom/sercom.o (__aeabi_lmul)
c:/program files (x86)/atmel/atmel toolchain/arm gcc/native/4.8.1426/arm-gnu-toolchain/bin/../lib/gcc/arm-none-eabi/4.8.3/armv6-m\libgcc.a(bpabi.o)
                              c:/program files (x86)/atmel/atmel toolchain/arm gcc/native/4.8.1426/arm-gnu-toolchain/bin/../lib/gcc/arm-none-eabi/4.8.3/armv6-m\libgcc.a(_aeabi_uldivmod.o) (__gnu_uldivmod_helper)
c:/program files (x86)/atmel/atmel toolchain/arm gcc/native/4.8.1426/arm-gnu-toolchain/bin/../lib/gcc/arm-none-eabi/4.8.3/armv6-m\libgcc.a(adddf3.o)
                              src/main.o (__aeabi_dadd)
c:/program files (x86)/atmel/atmel toolchain/arm gcc/native/4.8.1426/arm-gnu-toolchain/bin/../lib/gcc/arm-none-eabi/4.8.3/armv6-m\libgcc.a(eqdf2.o)
                              c:/program files (x86)/atmel/atmel toolchain/arm gcc/native/4.8.1426/arm-gnu-toolchain/bin/../lib/gcc/arm-none-eabi/4.8.3/armv6-m\libgcc.a(_arm_cmpdf2.o) (__eqdf2)
c:/program files (x86)/atmel/atmel toolchain/arm gcc/native/4.8.1426/arm-gnu-toolchain/bin/../lib/gcc/arm-none-eabi/4.8.3/armv6-m\libgcc.a(gedf2.o)
                              c:/program files (x86)/atmel/atmel toolchain/arm gcc/native/4.8.1426/arm-gnu-toolchain/bin/../lib/gcc/arm-none-eabi/4.8.3/armv6-m\libgcc.a(_arm_cmpdf2.o) (__gedf2)
c:/program files (x86)/atmel/atmel toolchain/arm gcc/native/4.8.1426/arm-gnu-toolchain/bin/../lib/gcc/arm-none-eabi/4.8.3/armv6-m\libgcc.a(ledf2.o)
                              c:/program files (x86)/atmel/atmel toolchain/arm gcc/native/4.8.1426/arm-gnu-toolchain/bin/../lib/gcc/arm-none-eabi/4.8.3/armv6-m\libgcc.a(_arm_cmpdf2.o) (__ledf2)
c:/program files (x86)/atmel/atmel toolchain/arm gcc/native/4.8.1426/arm-gnu-toolchain/bin/../lib/gcc/arm-none-eabi/4.8.3/armv6-m\libgcc.a(muldf3.o)
                              src/ASF/sam0/components/sensor/at30tse75x/at30tse75x.o (__aeabi_dmul)
c:/program files (x86)/atmel/atmel toolchain/arm gcc/native/4.8.1426/arm-gnu-toolchain/bin/../lib/gcc/arm-none-eabi/4.8.3/armv6-m\libgcc.a(floatsidf.o)
                              src/ASF/sam0/components/sensor/at30tse75x/at30tse75x.o (__aeabi_i2d)
c:/program files (x86)/atmel/atmel toolchain/arm gcc/native/4.8.1426/arm-gnu-toolchain/bin/../lib/gcc/arm-none-eabi/4.8.3/armv6-m\libgcc.a(_clzsi2.o)
                              c:/program files (x86)/atmel/atmel toolchain/arm gcc/native/4.8.1426/arm-gnu-toolchain/bin/../lib/gcc/arm-none-eabi/4.8.3/armv6-m\libgcc.a(adddf3.o) (__clzsi2)
c:/program files (x86)/atmel/atmel toolchain/arm gcc/native/4.8.1426/arm-gnu-toolchain/bin/../lib/gcc/arm-none-eabi/4.8.3/armv6-m\libgcc.a(_divdi3.o)
                              c:/program files (x86)/atmel/atmel toolchain/arm gcc/native/4.8.1426/arm-gnu-toolchain/bin/../lib/gcc/arm-none-eabi/4.8.3/armv6-m\libgcc.a(bpabi.o) (__divdi3)
c:/program files (x86)/atmel/atmel toolchain/arm gcc/native/4.8.1426/arm-gnu-toolchain/bin/../lib/gcc/arm-none-eabi/4.8.3/armv6-m\libgcc.a(_udivdi3.o)
                              c:/program files (x86)/atmel/atmel toolchain/arm gcc/native/4.8.1426/arm-gnu-toolchain/bin/../lib/gcc/arm-none-eabi/4.8.3/armv6-m\libgcc.a(bpabi.o) (__udivdi3)
c:/program files (x86)/atmel/atmel toolchain/arm gcc/native/4.8.1426/arm-gnu-toolchain/bin/../lib/gcc/arm-none-eabi/4.8.3/../../../../arm-none-eabi/lib/armv6-m\libc.a(lib_a-atexit.o)
                              c:/program files (x86)/atmel/atmel toolchain/arm gcc/native/4.8.1426/arm-gnu-toolchain/bin/../lib/gcc/arm-none-eabi/4.8.3/../../../../arm-none-eabi/lib/armv6-m/crt0.o (atexit)
[...]
Memory Configuration

Name             Origin             Length             Attributes
rom              0x00000000         0x00040000         xr
ram              0x20000000         0x00008000         xrw
*default*        0x00000000         0xffffffff

Linker script and memory map

LOAD c:/program files (x86)/atmel/atmel toolchain/arm gcc/native/4.8.1426/arm-gnu-toolchain/bin/../lib/gcc/arm-none-eabi/4.8.3/armv6-m/crti.o
LOAD c:/program files (x86)/atmel/atmel toolchain/arm gcc/native/4.8.1426/arm-gnu-toolchain/bin/../lib/gcc/arm-none-eabi/4.8.3/armv6-m/crtbegin.o
LOAD c:/program files (x86)/atmel/atmel toolchain/arm gcc/native/4.8.1426/arm-gnu-toolchain/bin/../lib/gcc/arm-none-eabi/4.8.3/../../../../arm-none-eabi/lib/armv6-m/crt0.o
LOAD src/ASF/sam0/components/sensor/at30tse75x/at30tse75x.o
LOAD src/ASF/sam0/drivers/sercom/usart/usart.o
LOAD src/ASF/sam0/drivers/sercom/usart/usart_interrupt.o
LOAD src/ASF/sam0/drivers/tc/tc.o
LOAD src/ASF/sam0/drivers/tc/tc_interrupt.o
LOAD src/ASF/sam0/drivers/sercom/i2c/i2c_samd20/i2c_master.o
LOAD src/ASF/sam0/drivers/sercom/i2c/i2c_samd20/i2c_master_interrupt.o
LOAD src/ASF/sam0/drivers/sercom/sercom.o
LOAD src/ASF/sam0/drivers/sercom/sercom_interrupt.o
LOAD src/ASF/common/utils/interrupt/interrupt_sam_nvic.o
LOAD src/ASF/sam0/boards/samd20_xplained_pro/board_init.o
LOAD src/ASF/sam0/drivers/port/port.o
LOAD src/ASF/sam0/drivers/system/clock/clock_samd20/clock.o
LOAD src/ASF/sam0/drivers/system/clock/clock_samd20/gclk.o
LOAD src/ASF/sam0/drivers/system/interrupt/system_interrupt.o
LOAD src/ASF/sam0/drivers/system/pinmux/pinmux.o
LOAD src/ASF/sam0/drivers/system/system.o
LOAD src/ASF/sam0/utils/cmsis/samd20/source/gcc/startup_samd20.o
LOAD src/ASF/sam0/utils/cmsis/samd20/source/system_samd20.o
LOAD src/ASF/sam0/utils/syscalls/gcc/syscalls.o
LOAD src/main.o
START GROUP
LOAD ../src/ASF/thirdparty/CMSIS/Lib/GCC\libarm_cortexM0l_math.a
LOAD c:/program files (x86)/atmel/atmel toolchain/arm gcc/native/4.8.1426/arm-gnu-toolchain/bin/../lib/gcc/arm-none-eabi/4.8.3/../../../../arm-none-eabi/lib/armv6-m\libm.a
END GROUP
START GROUP
LOAD c:/program files (x86)/atmel/atmel toolchain/arm gcc/native/4.8.1426/arm-gnu-toolchain/bin/../lib/gcc/arm-none-eabi/4.8.3/armv6-m\libgcc.a
LOAD c:/program files (x86)/atmel/atmel toolchain/arm gcc/native/4.8.1426/arm-gnu-toolchain/bin/../lib/gcc/arm-none-eabi/4.8.3/../../../../arm-none-eabi/lib/armv6-m\libc.a
END GROUP
LOAD c:/program files (x86)/atmel/atmel toolchain/arm gcc/native/4.8.1426/arm-gnu-toolchain/bin/../lib/gcc/arm-none-eabi/4.8.3/armv6-m/crtend.o
LOAD c:/program files (x86)/atmel/atmel toolchain/arm gcc/native/4.8.1426/arm-gnu-toolchain/bin/../lib/gcc/arm-none-eabi/4.8.3/armv6-m/crtn.o
                0x00002000                __stack_size__ = DEFINED (__stack_size__)?__stack_size__:0x2000
                0x20007ffc                __ram_end__ = ((ORIGIN (ram) + 0x8000) - 0x4)

.text           0x00000000     0x7ed4
                0x00000000                . = ALIGN (0x4)
                0x00000000                _sfixed = .
 *(.vectors .vectors.*)
 .vectors       0x00000000       0xa4 src/ASF/sam0/utils/cmsis/samd20/source/gcc/startup_samd20.o
                0x00000000                exception_table
 *(.text .text.* .gnu.linkonce.t.*)
 .text          0x000000a4       0xbc c:/program files (x86)/atmel/atmel toolchain/arm gcc/native/4.8.1426/arm-gnu-toolchain/bin/../lib/gcc/arm-none-eabi/4.8.3/armv6-m/crtbegin.o
 .text.at30tse_init
                0x00000160       0x9c src/ASF/sam0/components/sensor/at30tse75x/at30tse75x.o
                0x00000160                at30tse_init
 .text.at30tse_read_register
                0x000001fc       0x58 src/ASF/sam0/components/sensor/at30tse75x/at30tse75x.o
                0x000001fc                at30tse_read_register
 .text.at30tse_write_register
                0x00000254       0x38 src/ASF/sam0/components/sensor/at30tse75x/at30tse75x.o
                0x00000254                at30tse_write_register
 .text.at30tse_write_config_register
                0x0000028c       0x24 src/ASF/sam0/components/sensor/at30tse75x/at30tse75x.o
                0x0000028c                at30tse_write_config_register
 .text.at30tse_read_temperature
                0x000002b0       0xd0 src/ASF/sam0/components/sensor/at30tse75x/at30tse75x.o
                0x000002b0                at30tse_read_temperature
 .text.usart_init
                0x00000380      0x238 src/ASF/sam0/drivers/sercom/usart/usart.o
                0x00000380                usart_init
 .text.usart_register_callback
                0x000005b8       0x18 src/ASF/sam0/drivers/sercom/usart/usart_interrupt.o
                0x000005b8                usart_register_callback
 .text.usart_write_buffer_job
                0x000005d0       0x30 src/ASF/sam0/drivers/sercom/usart/usart_interrupt.o
                0x000005d0                usart_write_buffer_job
 .text._usart_interrupt_handler
                0x00000600      0x138 src/ASF/sam0/drivers/sercom/usart/usart_interrupt.o
                0x00000600                _usart_interrupt_handler
 .text._tc_interrupt_handler
                0x00000738       0x5c src/ASF/sam0/drivers/tc/tc_interrupt.o
                0x00000738                _tc_interrupt_handler
 .text.TC0_Handler
                0x00000794       0x10 src/ASF/sam0/drivers/tc/tc_interrupt.o
                0x00000794                TC0_Handler
 .text.TC1_Handler
                0x000007a4       0x10 src/ASF/sam0/drivers/tc/tc_interrupt.o
                0x000007a4                TC1_Handler
 .text.TC2_Handler
                0x000007b4       0x10 src/ASF/sam0/drivers/tc/tc_interrupt.o
                0x000007b4                TC2_Handler
 .text.TC3_Handler
                0x000007c4       0x10 src/ASF/sam0/drivers/tc/tc_interrupt.o
                0x000007c4                TC3_Handler
 .text.TC4_Handler
                0x000007d4       0x10 src/ASF/sam0/drivers/tc/tc_interrupt.o
                0x000007d4                TC4_Handler
 .text.TC5_Handler
                0x000007e4       0x10 src/ASF/sam0/drivers/tc/tc_interrupt.o
                0x000007e4                TC5_Handler
 .text.TC6_Handler
                0x000007f4       0x10 src/ASF/sam0/drivers/tc/tc_interrupt.o
                0x000007f4                TC6_Handler
 .text.TC7_Handler
                0x00000804       0x10 src/ASF/sam0/drivers/tc/tc_interrupt.o
                0x00000804                TC7_Handler
 .text._i2c_master_wait_for_sync
                0x00000814        0xc src/ASF/sam0/drivers/sercom/i2c/i2c_samd20/i2c_master.o
 .text._i2c_master_address_response
                0x00000820       0x34 src/ASF/sam0/drivers/sercom/i2c/i2c_samd20/i2c_master.o
 .text._i2c_master_wait_for_bus
                0x00000854       0x34 src/ASF/sam0/drivers/sercom/i2c/i2c_samd20/i2c_master.o
 .text._i2c_master_read_packet
                0x00000888       0xe4 src/ASF/sam0/drivers/sercom/i2c/i2c_samd20/i2c_master.o
 .text._i2c_master_write_packet
                0x0000096c       0xb4 src/ASF/sam0/drivers/sercom/i2c/i2c_samd20/i2c_master.o
 .text.i2c_master_init
                0x00000a20      0x180 src/ASF/sam0/drivers/sercom/i2c/i2c_samd20/i2c_master.o
                0x00000a20                i2c_master_init
 .text.i2c_master_read_packet_wait
                0x00000ba0       0x20 src/ASF/sam0/drivers/sercom/i2c/i2c_samd20/i2c_master.o
                0x00000ba0                i2c_master_read_packet_wait
 .text.i2c_master_write_packet_wait
                0x00000bc0       0x20 src/ASF/sam0/drivers/sercom/i2c/i2c_samd20/i2c_master.o
                0x00000bc0                i2c_master_write_packet_wait
 .text.i2c_master_write_packet_wait_no_stop
                0x00000be0       0x20 src/ASF/sam0/drivers/sercom/i2c/i2c_samd20/i2c_master.o
                0x00000be0                i2c_master_write_packet_wait_no_stop
 .text._i2c_master_wait_for_sync
                0x00000c00        0xc src/ASF/sam0/drivers/sercom/i2c/i2c_samd20/i2c_master_interrupt.o
 .text._i2c_master_read
                0x00000c0c       0x68 src/ASF/sam0/drivers/sercom/i2c/i2c_samd20/i2c_master_interrupt.o
 .text._i2c_master_write
                0x00000c74       0x40 src/ASF/sam0/drivers/sercom/i2c/i2c_samd20/i2c_master_interrupt.o
 .text._i2c_master_interrupt_handler
                0x00000cb4      0x1bc src/ASF/sam0/drivers/sercom/i2c/i2c_samd20/i2c_master_interrupt.o
                0x00000cb4                _i2c_master_interrupt_handler
 .text._sercom_get_sync_baud_val
                0x00000e70       0x2c src/ASF/sam0/drivers/sercom/sercom.o
                0x00000e70                _sercom_get_sync_baud_val
 *fill*         0x00000e9c        0x4 
 .text._sercom_get_async_baud_val
                0x00000ea0       0xb8 src/ASF/sam0/drivers/sercom/sercom.o
                0x00000ea0                _sercom_get_async_baud_val
 .text.sercom_set_gclk_generator
                0x00000f58       0x50 src/ASF/sam0/drivers/sercom/sercom.o
                0x00000f58                sercom_set_gclk_generator
 .text._sercom_get_default_pad
                0x00000fa8      0x188 src/ASF/sam0/drivers/sercom/sercom.o
                0x00000fa8                _sercom_get_default_pad
 .text._sercom_default_handler
                0x00001130        0x4 src/ASF/sam0/drivers/sercom/sercom_interrupt.o
 .text._sercom_get_sercom_inst_index
                0x00001134       0x3c src/ASF/sam0/drivers/sercom/sercom_interrupt.o
                0x00001134                _sercom_get_sercom_inst_index
 .text._sercom_set_handler
                0x00001170       0x3c src/ASF/sam0/drivers/sercom/sercom_interrupt.o
                0x00001170                _sercom_set_handler
 .text._sercom_get_interrupt_vector
                0x000011ac       0x2c src/ASF/sam0/drivers/sercom/sercom_interrupt.o
                0x000011ac                _sercom_get_interrupt_vector
 .text.SERCOM0_Handler
                0x000011d8       0x10 src/ASF/sam0/drivers/sercom/sercom_interrupt.o
                0x000011d8                SERCOM0_Handler
 .text.SERCOM1_Handler
                0x000011e8       0x10 src/ASF/sam0/drivers/sercom/sercom_interrupt.o
                0x000011e8                SERCOM1_Handler
 .text.SERCOM2_Handler
                0x000011f8       0x10 src/ASF/sam0/drivers/sercom/sercom_interrupt.o
                0x000011f8                SERCOM2_Handler
 .text.SERCOM3_Handler
                0x00001208       0x10 src/ASF/sam0/drivers/sercom/sercom_interrupt.o
                0x00001208                SERCOM3_Handler
 .text.SERCOM4_Handler
                0x00001218       0x10 src/ASF/sam0/drivers/sercom/sercom_interrupt.o
                0x00001218                SERCOM4_Handler
 .text.SERCOM5_Handler
                0x00001228       0x10 src/ASF/sam0/drivers/sercom/sercom_interrupt.o
                0x00001228                SERCOM5_Handler
 .text.cpu_irq_enter_critical
                0x00001238       0x40 src/ASF/common/utils/interrupt/interrupt_sam_nvic.o
                0x00001238                cpu_irq_enter_critical
 .text.cpu_irq_leave_critical
                0x00001278       0x30 src/ASF/common/utils/interrupt/interrupt_sam_nvic.o
                0x00001278                cpu_irq_leave_critical
 .text.system_board_init
                0x000012a8       0x38 src/ASF/sam0/boards/samd20_xplained_pro/board_init.o
                0x000012a8                board_init
                0x000012a8                system_board_init
 .text.port_pin_set_config
                0x000012e0       0x24 src/ASF/sam0/drivers/port/port.o
                0x000012e0                port_pin_set_config
 .text.system_clock_source_get_hz
                0x00001304       0x80 src/ASF/sam0/drivers/system/clock/clock_samd20/clock.o
                0x00001304                system_clock_source_get_hz
 .text.system_clock_source_osc8m_set_config
                0x00001384       0x3c src/ASF/sam0/drivers/system/clock/clock_samd20/clock.o
                0x00001384                system_clock_source_osc8m_set_config
 .text.system_clock_source_enable
                0x000013c0       0x94 src/ASF/sam0/drivers/system/clock/clock_samd20/clock.o
                0x000013c0                system_clock_source_enable
 .text.system_clock_init
                0x00001454       0x7c src/ASF/sam0/drivers/system/clock/clock_samd20/clock.o
                0x00001454                system_clock_init
 .text.system_gclk_init
                0x000014d0       0x24 src/ASF/sam0/drivers/system/clock/clock_samd20/gclk.o
                0x000014d0                system_gclk_init
 .text.system_gclk_gen_set_config
                0x000014f4       0xb0 src/ASF/sam0/drivers/system/clock/clock_samd20/gclk.o
                0x000014f4                system_gclk_gen_set_config
 .text.system_gclk_gen_enable
                0x000015a4       0x40 src/ASF/sam0/drivers/system/clock/clock_samd20/gclk.o
                0x000015a4                system_gclk_gen_enable
 .text.system_gclk_gen_get_hz
                0x000015e4       0x84 src/ASF/sam0/drivers/system/clock/clock_samd20/gclk.o
                0x000015e4                system_gclk_gen_get_hz
 .text.system_gclk_chan_enable
                0x00001668       0x30 src/ASF/sam0/drivers/system/clock/clock_samd20/gclk.o
                0x00001668                system_gclk_chan_enable
 .text.system_gclk_chan_disable
                0x00001698       0x60 src/ASF/sam0/drivers/system/clock/clock_samd20/gclk.o
                0x00001698                system_gclk_chan_disable
 .text.system_gclk_chan_set_config
                0x000016f8       0x1c src/ASF/sam0/drivers/system/clock/clock_samd20/gclk.o
                0x000016f8                system_gclk_chan_set_config
 .text.system_gclk_chan_get_hz
                0x00001714       0x34 src/ASF/sam0/drivers/system/clock/clock_samd20/gclk.o
                0x00001714                system_gclk_chan_get_hz
 .text._system_pinmux_config
                0x00001748       0x8c src/ASF/sam0/drivers/system/pinmux/pinmux.o
 .text.system_pinmux_pin_set_config
                0x000017d4       0x2c src/ASF/sam0/drivers/system/pinmux/pinmux.o
                0x000017d4                system_pinmux_pin_set_config
 .text._system_dummy_init
                0x00001800        0x4 src/ASF/sam0/drivers/system/system.o
                0x00001800                _system_events_init
                0x00001800                _system_dummy_init
                0x00001800                _system_extint_init
 .text.HardFault_Handler
                0x00001804        0x4 src/ASF/sam0/drivers/system/system.o
                0x00001804                HardFault_Handler
 .text.system_init
                0x00001808       0x24 src/ASF/sam0/drivers/system/system.o
                0x00001808                system_init
 .text.Dummy_Handler
                0x0000182c        0x4 src/ASF/sam0/utils/cmsis/samd20/source/gcc/startup_samd20.o
                0x0000182c                AC_Handler
                0x0000182c                PendSV_Handler
                0x0000182c                NMI_Handler
                0x0000182c                ADC_Handler
                0x0000182c                RTC_Handler
                0x0000182c                EIC_Handler
                0x0000182c                WDT_Handler
                0x0000182c                Dummy_Handler
                0x0000182c                PM_Handler
                0x0000182c                SVC_Handler
                0x0000182c                EVSYS_Handler
                0x0000182c                NVMCTRL_Handler
                0x0000182c                DAC_Handler
                0x0000182c                PTC_Handler
                0x0000182c                SYSCTRL_Handler
 .text.Reset_Handler
                0x00001830       0x90 src/ASF/sam0/utils/cmsis/samd20/source/gcc/startup_samd20.o
                0x00001830                Reset_Handler
 .text._sbrk    0x000018c0       0x24 src/ASF/sam0/utils/syscalls/gcc/syscalls.o
                0x000018c0                _sbrk
 .text.usart_write_callback
                0x000018e4       0x10 src/main.o
                0x000018e4                usart_write_callback
 .text.usart_read_callback
                0x000018f4       0x1c src/main.o
                0x000018f4                usart_read_callback
 .text.enable_tc_clocks
                0x00001910       0x34 src/main.o
                0x00001910                enable_tc_clocks
 .text.configure_usart
                0x00001944       0xa0 src/main.o
                0x00001944                configure_usart
 .text.configure_usart_callbacks
                0x000019e4       0x34 src/main.o
                0x000019e4                configure_usart_callbacks
 .text.main     0x00001a18      0x158 src/main.o
                0x00001a18                main
 .text.SysTick_Handler
                0x00001b70       0x10 src/main.o
                0x00001b70                SysTick_Handler
 .text          0x00001b80       0x9c c:/program files (x86)/atmel/atmel toolchain/arm gcc/native/4.8.1426/arm-gnu-toolchain/bin/../lib/gcc/arm-none-eabi/4.8.3/armv6-m\libgcc.a(_udivsi3.o)
                0x00001b80                __aeabi_uidiv
                0x00001b80                __udivsi3
                0x00001c08                __aeabi_uidivmod
 .text          0x00001c1c        0x4 c:/program files (x86)/atmel/atmel toolchain/arm gcc/native/4.8.1426/arm-gnu-toolchain/bin/../lib/gcc/arm-none-eabi/4.8.3/armv6-m\libgcc.a(_dvmd_tls.o)
                0x00001c1c                __aeabi_idiv0
                0x00001c1c                __aeabi_ldiv0
 .text          0x00001c20       0x7c c:/program files (x86)/atmel/atmel toolchain/arm gcc/native/4.8.1426/arm-gnu-toolchain/bin/../lib/gcc/arm-none-eabi/4.8.3/armv6-m\libgcc.a(_arm_cmpdf2.o)
                0x00001c20                __aeabi_cdrcmple
                0x00001c30                __aeabi_cdcmple
                0x00001c30                __aeabi_cdcmpeq
                0x00001c40                __aeabi_dcmpeq
                0x00001c4c                __aeabi_dcmplt
                0x00001c60                __aeabi_dcmple
                0x00001c74                __aeabi_dcmpgt
                0x00001c88                __aeabi_dcmpge
 .text          0x00001c9c       0x40 c:/program files (x86)/atmel/atmel toolchain/arm gcc/native/4.8.1426/arm-gnu-toolchain/bin/../lib/gcc/arm-none-eabi/4.8.3/armv6-m\libgcc.a(_aeabi_uldivmod.o)
                0x00001c9c                __aeabi_uldivmod
 .text          0x00001cdc       0x44 c:/program files (x86)/atmel/atmel toolchain/arm gcc/native/4.8.1426/arm-gnu-toolchain/bin/../lib/gcc/arm-none-eabi/4.8.3/armv6-m\libgcc.a(_muldi3.o)
                0x00001cdc                __muldi3
                0x00001cdc                __aeabi_lmul
 .text          0x00001d20       0x6c c:/program files (x86)/atmel/atmel toolchain/arm gcc/native/4.8.1426/arm-gnu-toolchain/bin/../lib/gcc/arm-none-eabi/4.8.3/armv6-m\libgcc.a(bpabi.o)
                0x00001d20                __gnu_ldivmod_helper
                0x00001d58                __gnu_uldivmod_helper
 .text          0x00001d8c      0x648 c:/program files (x86)/atmel/atmel toolchain/arm gcc/native/4.8.1426/arm-gnu-toolchain/bin/../lib/gcc/arm-none-eabi/4.8.3/armv6-m\libgcc.a(adddf3.o)
                0x00001d8c                __aeabi_dadd
 .text          0x000023d4       0x94 c:/program files (x86)/atmel/atmel toolchain/arm gcc/native/4.8.1426/arm-gnu-toolchain/bin/../lib/gcc/arm-none-eabi/4.8.3/armv6-m\libgcc.a(eqdf2.o)
                0x000023d4                __nedf2
                0x000023d4                __eqdf2
 .text          0x00002468       0xf4 c:/program files (x86)/atmel/atmel toolchain/arm gcc/native/4.8.1426/arm-gnu-toolchain/bin/../lib/gcc/arm-none-eabi/4.8.3/armv6-m\libgcc.a(gedf2.o)
                0x00002468                __gedf2
                0x00002468                __gtdf2
 .text          0x0000255c      0x108 c:/program files (x86)/atmel/atmel toolchain/arm gcc/native/4.8.1426/arm-gnu-toolchain/bin/../lib/gcc/arm-none-eabi/4.8.3/armv6-m\libgcc.a(ledf2.o)
                0x0000255c                __ledf2
                0x0000255c                __ltdf2
 .text          0x00002664      0x524 c:/program files (x86)/atmel/atmel toolchain/arm gcc/native/4.8.1426/arm-gnu-toolchain/bin/../lib/gcc/arm-none-eabi/4.8.3/armv6-m\libgcc.a(muldf3.o)
                0x00002664                __aeabi_dmul
 .text          0x00002b88       0x7c c:/program files (x86)/atmel/atmel toolchain/arm gcc/native/4.8.1426/arm-gnu-toolchain/bin/../lib/gcc/arm-none-eabi/4.8.3/armv6-m\libgcc.a(floatsidf.o)
                0x00002b88                __aeabi_i2d
 .text          0x00002c04       0x3c c:/program files (x86)/atmel/atmel toolchain/arm gcc/native/4.8.1426/arm-gnu-toolchain/bin/../lib/gcc/arm-none-eabi/4.8.3/armv6-m\libgcc.a(_clzsi2.o)
                0x00002c04                __clzsi2
 .text          0x00002c40      0x3b0 c:/program files (x86)/atmel/atmel toolchain/arm gcc/native/4.8.1426/arm-gnu-toolchain/bin/../lib/gcc/arm-none-eabi/4.8.3/armv6-m\libgcc.a(_divdi3.o)
                0x00002c40                __divdi3
 .text          0x00002ff0      0x380 c:/program files (x86)/atmel/atmel toolchain/arm gcc/native/4.8.1426/arm-gnu-toolchain/bin/../lib/gcc/arm-none-eabi/4.8.3/armv6-m\libgcc.a(_udivdi3.o)
                0x00002ff0                __udivdi3
 .text          0x00003370       0x10 c:/program files (x86)/atmel/atmel toolchain/arm gcc/native/4.8.1426/arm-gnu-toolchain/bin/../lib/gcc/arm-none-eabi/4.8.3/../../../../arm-none-eabi/lib/armv6-m\libc.a(lib_a-atexit.o)
                0x00003370                atexit
 .text          0x00003380       0x28 c:/program files (x86)/atmel/atmel toolchain/arm gcc/native/4.8.1426/arm-gnu-toolchain/bin/../lib/gcc/arm-none-eabi/4.8.3/../../../../arm-none-eabi/lib/armv6-m\libc.a(lib_a-fini.o)
                0x00003380                __libc_fini_array
 .text          0x000033a8       0x4c c:/program files (x86)/atmel/atmel toolchain/arm gcc/native/4.8.1426/arm-gnu-toolchain/bin/../lib/gcc/arm-none-eabi/4.8.3/../../../../arm-none-eabi/lib/armv6-m\libc.a(lib_a-init.o)
                0x000033a8                __libc_init_array
 .text          0x000033f4       0x12 c:/program files (x86)/atmel/atmel toolchain/arm gcc/native/4.8.1426/arm-gnu-toolchain/bin/../lib/gcc/arm-none-eabi/4.8.3/../../../../arm-none-eabi/lib/armv6-m\libc.a(lib_a-memcpy-stub.o)
                0x000033f4                memcpy
 .text          0x00003406       0x10 c:/program files (x86)/atmel/atmel toolchain/arm gcc/native/4.8.1426/arm-gnu-toolchain/bin/../lib/gcc/arm-none-eabi/4.8.3/../../../../arm-none-eabi/lib/armv6-m\libc.a(lib_a-memset.o)
                0x00003406                memset
 *fill*         0x00003416        0x2 
 .text          0x00003418       0x84 c:/program files (x86)/atmel/atmel toolchain/arm gcc/native/4.8.1426/arm-gnu-toolchain/bin/../lib/gcc/arm-none-eabi/4.8.3/../../../../arm-none-eabi/lib/armv6-m\libc.a(lib_a-sprintf.o)
                0x00003418                _sprintf_r
                0x00003458                sprintf
 *fill*         0x0000349c        0x4 
 .text          0x000034a0      0xf60 c:/program files (x86)/atmel/atmel toolchain/arm gcc/native/4.8.1426/arm-gnu-toolchain/bin/../lib/gcc/arm-none-eabi/4.8.3/../../../../arm-none-eabi/lib/armv6-m\libc.a(lib_a-svfprintf.o)
                0x000034a0                _svfprintf_r
 .text          0x00004400       0x9c c:/program files (x86)/atmel/atmel toolchain/arm gcc/native/4.8.1426/arm-gnu-toolchain/bin/../lib/gcc/arm-none-eabi/4.8.3/../../../../arm-none-eabi/lib/armv6-m\libc.a(lib_a-__atexit.o)
                0x00004400                __register_exitproc
 .text.startup  0x0000449c       0x18 c:/program files (x86)/atmel/atmel toolchain/arm gcc/native/4.8.1426/arm-gnu-toolchain/bin/../lib/gcc/arm-none-eabi/4.8.3/../../../../arm-none-eabi/lib/armv6-m\libc.a(lib_a-__call_atexit.o)
 *fill*         0x000044b4        0x4 
 .text          0x000044b8      0xcb0 c:/program files (x86)/atmel/atmel toolchain/arm gcc/native/4.8.1426/arm-gnu-toolchain/bin/../lib/gcc/arm-none-eabi/4.8.3/../../../../arm-none-eabi/lib/armv6-m\libc.a(lib_a-dtoa.o)
                0x000045d0                _dtoa_r
 .text          0x00005168      0x21c c:/program files (x86)/atmel/atmel toolchain/arm gcc/native/4.8.1426/arm-gnu-toolchain/bin/../lib/gcc/arm-none-eabi/4.8.3/../../../../arm-none-eabi/lib/armv6-m\libc.a(lib_a-freer.o)
                0x00005168                _malloc_trim_r
                0x00005208                _free_r
 .text          0x00005384       0x98 c:/program files (x86)/atmel/atmel toolchain/arm gcc/native/4.8.1426/arm-gnu-toolchain/bin/../lib/gcc/arm-none-eabi/4.8.3/../../../../arm-none-eabi/lib/armv6-m\libc.a(lib_a-locale.o)
                0x00005384                _setlocale_r
                0x000053c8                __locale_charset
                0x000053d0                __locale_mb_cur_max
                0x000053dc                __locale_msgcharset
                0x000053e8                __locale_cjk_lang
                0x000053ec                _localeconv_r
                0x000053f8                setlocale
                0x00005410                localeconv
 .text          0x0000541c      0x3f0 c:/program files (x86)/atmel/atmel toolchain/arm gcc/native/4.8.1426/arm-gnu-toolchain/bin/../lib/gcc/arm-none-eabi/4.8.3/../../../../arm-none-eabi/lib/armv6-m\libc.a(lib_a-mallocr.o)
                0x0000541c                _malloc_r
 .text          0x0000580c       0x16 c:/program files (x86)/atmel/atmel toolchain/arm gcc/native/4.8.1426/arm-gnu-toolchain/bin/../lib/gcc/arm-none-eabi/4.8.3/../../../../arm-none-eabi/lib/armv6-m\libc.a(lib_a-memchr-stub.o)
                0x0000580c                memchr
 .text          0x00005822        0x4 c:/program files (x86)/atmel/atmel toolchain/arm gcc/native/4.8.1426/arm-gnu-toolchain/bin/../lib/gcc/arm-none-eabi/4.8.3/../../../../arm-none-eabi/lib/armv6-m\libc.a(lib_a-mlock.o)
                0x00005822                __malloc_lock
                0x00005824                __malloc_unlock
 *fill*         0x00005826        0x2 
 .text          0x00005828      0x7d8 c:/program files (x86)/atmel/atmel toolchain/arm gcc/native/4.8.1426/arm-gnu-toolchain/bin/../lib/gcc/arm-none-eabi/4.8.3/../../../../arm-none-eabi/lib/armv6-m\libc.a(lib_a-mprec.o)
                0x00005828                _Balloc
                0x00005878                _Bfree
                0x0000588c                __multadd
                0x00005908                __s2b
                0x00005988                __hi0bits
                0x000059c0                __lo0bits
                0x00005a1a                __i2b
                0x00005a2c                __multiply
                0x00005b4a                __pow5mult
                0x00005bcc                __lshift
                0x00005c70                __mcmp
                0x00005ca6                __mdiff
                0x00005d72                __ulp
                0x00005db4                __b2d
                0x00005e58                __d2b
                0x00005f08                __ratio
                0x00005f50                _mprec_log10
                0x00005f8c                __copybits
                0x00005fb8                __any_on
 .text          0x00006000       0x54 c:/program files (x86)/atmel/atmel toolchain/arm gcc/native/4.8.1426/arm-gnu-toolchain/bin/../lib/gcc/arm-none-eabi/4.8.3/../../../../arm-none-eabi/lib/armv6-m\libc.a(lib_a-s_fpclassify.o)
                0x00006000                __fpclassifyd
 .text          0x00006054       0x24 c:/program files (x86)/atmel/atmel toolchain/arm gcc/native/4.8.1426/arm-gnu-toolchain/bin/../lib/gcc/arm-none-eabi/4.8.3/../../../../arm-none-eabi/lib/armv6-m\libc.a(lib_a-sbrkr.o)
                0x00006054                _sbrk_r
 .text          0x00006078       0x14 c:/program files (x86)/atmel/atmel toolchain/arm gcc/native/4.8.1426/arm-gnu-toolchain/bin/../lib/gcc/arm-none-eabi/4.8.3/../../../../arm-none-eabi/lib/armv6-m\libc.a(lib_a-strcmp.o)
                0x00006078                strcmp
 .text          0x0000608c        0xe c:/program files (x86)/atmel/atmel toolchain/arm gcc/native/4.8.1426/arm-gnu-toolchain/bin/../lib/gcc/arm-none-eabi/4.8.3/../../../../arm-none-eabi/lib/armv6-m\libc.a(lib_a-strlen.o)
                0x0000608c                strlen
 *fill*         0x0000609a        0x2 
 .text          0x0000609c      0x8ec c:/program files (x86)/atmel/atmel toolchain/arm gcc/native/4.8.1426/arm-gnu-toolchain/bin/../lib/gcc/arm-none-eabi/4.8.3/../../../../arm-none-eabi/lib/armv6-m\libc.a(lib_a-svfiprintf.o)
                0x0000609c                __ssprint_r
                0x000061b0                _svfiprintf_r
 .text          0x00006988       0x58 c:/program files (x86)/atmel/atmel toolchain/arm gcc/native/4.8.1426/arm-gnu-toolchain/bin/../lib/gcc/arm-none-eabi/4.8.3/../../../../arm-none-eabi/lib/armv6-m\libc.a(lib_a-callocr.o)
                0x00006988                _calloc_r
 .text          0x000069e0       0x32 c:/program files (x86)/atmel/atmel toolchain/arm gcc/native/4.8.1426/arm-gnu-toolchain/bin/../lib/gcc/arm-none-eabi/4.8.3/../../../../arm-none-eabi/lib/armv6-m\libc.a(lib_a-memmove.o)
                0x000069e0                memmove
 *fill*         0x00006a12        0x2 
 .text          0x00006a14      0x348 c:/program files (x86)/atmel/atmel toolchain/arm gcc/native/4.8.1426/arm-gnu-toolchain/bin/../lib/gcc/arm-none-eabi/4.8.3/../../../../arm-none-eabi/lib/armv6-m\libc.a(lib_a-reallocr.o)
                0x00006a14                _realloc_r
 .text          0x00006d5c       0x14 c:/program files (x86)/atmel/atmel toolchain/arm gcc/native/4.8.1426/arm-gnu-toolchain/bin/../lib/gcc/arm-none-eabi/4.8.3/armv6-m\libgcc.a(_thumb1_case_uqi.o)
                0x00006d5c                __gnu_thumb1_case_uqi
 .text          0x00006d70       0x14 c:/program files (x86)/atmel/atmel toolchain/arm gcc/native/4.8.1426/arm-gnu-toolchain/bin/../lib/gcc/arm-none-eabi/4.8.3/armv6-m\libgcc.a(_thumb1_case_uhi.o)
                0x00006d70                __gnu_thumb1_case_uhi
 .text          0x00006d84       0xc0 c:/program files (x86)/atmel/atmel toolchain/arm gcc/native/4.8.1426/arm-gnu-toolchain/bin/../lib/gcc/arm-none-eabi/4.8.3/armv6-m\libgcc.a(_divsi3.o)
                0x00006d84                __divsi3
                0x00006d84                __aeabi_idiv
                0x00006e30                __aeabi_idivmod
 .text          0x00006e44      0x650 c:/program files (x86)/atmel/atmel toolchain/arm gcc/native/4.8.1426/arm-gnu-toolchain/bin/../lib/gcc/arm-none-eabi/4.8.3/armv6-m\libgcc.a(divdf3.o)
                0x00006e44                __aeabi_ddiv
 .text          0x00007494      0x66c c:/program files (x86)/atmel/atmel toolchain/arm gcc/native/4.8.1426/arm-gnu-toolchain/bin/../lib/gcc/arm-none-eabi/4.8.3/armv6-m\libgcc.a(subdf3.o)
                0x00007494                __aeabi_dsub
 .text          0x00007b00       0x68 c:/program files (x86)/atmel/atmel toolchain/arm gcc/native/4.8.1426/arm-gnu-toolchain/bin/../lib/gcc/arm-none-eabi/4.8.3/armv6-m\libgcc.a(fixdfsi.o)
                0x00007b00                __aeabi_d2iz
 .text          0x00007b68       0x68 c:/program files (x86)/atmel/atmel toolchain/arm gcc/native/4.8.1426/arm-gnu-toolchain/bin/../lib/gcc/arm-none-eabi/4.8.3/armv6-m\libgcc.a(floatunsidf.o)
                0x00007b68                __aeabi_ui2d
 *(.glue_7t)
 .glue_7t       0x00000000        0x0 linker stubs
 *(.glue_7)
 .glue_7        0x00000000        0x0 linker stubs
 *(.rodata .rodata* .gnu.linkonce.r.*)
 .rodata        0x00007bd0       0x20 src/ASF/sam0/drivers/sercom/sercom_interrupt.o
 .rodata.system_clock_source_get_hz
                0x00007bf0       0x20 src/ASF/sam0/drivers/system/clock/clock_samd20/clock.o
 .rodata.system_clock_source_enable
                0x00007c10       0x20 src/ASF/sam0/drivers/system/clock/clock_samd20/clock.o
 .rodata.str1.4
                0x00007c30       0x44 src/main.o
 .rodata        0x00007c74       0x40 c:/program files (x86)/atmel/atmel toolchain/arm gcc/native/4.8.1426/arm-gnu-toolchain/bin/../lib/gcc/arm-none-eabi/4.8.3/armv6-m\libgcc.a(muldf3.o)
 .rodata        0x00007cb4        0x4 c:/program files (x86)/atmel/atmel toolchain/arm gcc/native/4.8.1426/arm-gnu-toolchain/bin/../lib/gcc/arm-none-eabi/4.8.3/../../../../arm-none-eabi/lib/armv6-m\libc.a(lib_a-impure.o)
                0x00007cb4                _global_impure_ptr
 .rodata.str1.1
                0x00007cb8        0x2 c:/program files (x86)/atmel/atmel toolchain/arm gcc/native/4.8.1426/arm-gnu-toolchain/bin/../lib/gcc/arm-none-eabi/4.8.3/../../../../arm-none-eabi/lib/armv6-m\libc.a(lib_a-impure.o)
 .rodata        0x00007cba       0x20 c:/program files (x86)/atmel/atmel toolchain/arm gcc/native/4.8.1426/arm-gnu-toolchain/bin/../lib/gcc/arm-none-eabi/4.8.3/../../../../arm-none-eabi/lib/armv6-m\libc.a(lib_a-svfprintf.o)
 .rodata.str1.1
                0x00007cda       0x34 c:/program files (x86)/atmel/atmel toolchain/arm gcc/native/4.8.1426/arm-gnu-toolchain/bin/../lib/gcc/arm-none-eabi/4.8.3/../../../../arm-none-eabi/lib/armv6-m\libc.a(lib_a-svfprintf.o)
 .rodata.str1.1
                0x00007d0e        0xd c:/program files (x86)/atmel/atmel toolchain/arm gcc/native/4.8.1426/arm-gnu-toolchain/bin/../lib/gcc/arm-none-eabi/4.8.3/../../../../arm-none-eabi/lib/armv6-m\libc.a(lib_a-dtoa.o)
                                  0xf (size before relaxing)
 .rodata.str1.1
                0x00007d1b        0x8 c:/program files (x86)/atmel/atmel toolchain/arm gcc/native/4.8.1426/arm-gnu-toolchain/bin/../lib/gcc/arm-none-eabi/4.8.3/../../../../arm-none-eabi/lib/armv6-m\libc.a(lib_a-locale.o)
                                  0xb (size before relaxing)
 *fill*         0x00007d23        0x5 
 .rodata        0x00007d28      0x128 c:/program files (x86)/atmel/atmel toolchain/arm gcc/native/4.8.1426/arm-gnu-toolchain/bin/../lib/gcc/arm-none-eabi/4.8.3/../../../../arm-none-eabi/lib/armv6-m\libc.a(lib_a-mprec.o)
                0x00007d38                __mprec_tens
                0x00007e00                __mprec_tinytens
                0x00007e28                __mprec_bigtens
 .rodata        0x00007e50       0x20 c:/program files (x86)/atmel/atmel toolchain/arm gcc/native/4.8.1426/arm-gnu-toolchain/bin/../lib/gcc/arm-none-eabi/4.8.3/../../../../arm-none-eabi/lib/armv6-m\libc.a(lib_a-svfiprintf.o)
 .rodata.str1.1
                0x00000000       0x22 c:/program files (x86)/atmel/atmel toolchain/arm gcc/native/4.8.1426/arm-gnu-toolchain/bin/../lib/gcc/arm-none-eabi/4.8.3/../../../../arm-none-eabi/lib/armv6-m\libc.a(lib_a-svfiprintf.o)
 .rodata        0x00007e70       0x40 c:/program files (x86)/atmel/atmel toolchain/arm gcc/native/4.8.1426/arm-gnu-toolchain/bin/../lib/gcc/arm-none-eabi/4.8.3/armv6-m\libgcc.a(divdf3.o)
 *(.ARM.extab* .gnu.linkonce.armextab.*)
                0x00007eb0                . = ALIGN (0x4)
 *(.init)
 .init          0x00007eb0        0x4 c:/program files (x86)/atmel/atmel toolchain/arm gcc/native/4.8.1426/arm-gnu-toolchain/bin/../lib/gcc/arm-none-eabi/4.8.3/armv6-m/crti.o
                0x00007eb0                _init
 .init          0x00007eb4        0x8 c:/program files (x86)/atmel/atmel toolchain/arm gcc/native/4.8.1426/arm-gnu-toolchain/bin/../lib/gcc/arm-none-eabi/4.8.3/armv6-m/crtn.o
                0x00007ebc                . = ALIGN (0x4)
                0x00007ebc                __preinit_array_start = .
 *(.preinit_array)
                0x00007ebc                __preinit_array_end = .
                0x00007ebc                . = ALIGN (0x4)
                0x00007ebc                __init_array_start = .
 *(SORT(.init_array.*))
 .init_array.00000
                0x00007ebc        0x4 c:/program files (x86)/atmel/atmel toolchain/arm gcc/native/4.8.1426/arm-gnu-toolchain/bin/../lib/gcc/arm-none-eabi/4.8.3/../../../../arm-none-eabi/lib/armv6-m\libc.a(lib_a-__call_atexit.o)
 *(.init_array)
 .init_array    0x00007ec0        0x4 c:/program files (x86)/atmel/atmel toolchain/arm gcc/native/4.8.1426/arm-gnu-toolchain/bin/../lib/gcc/arm-none-eabi/4.8.3/armv6-m/crtbegin.o
                0x00007ec4                __init_array_end = .
                0x00007ec4                . = ALIGN (0x4)
 *crtbegin.o(.ctors)
 *(EXCLUDE_FILE(*crtend.o) .ctors)
 *(SORT(.ctors.*))
 *crtend.o(.ctors)
                0x00007ec4                . = ALIGN (0x4)
 *(.fini)
 .fini          0x00007ec4        0x4 c:/program files (x86)/atmel/atmel toolchain/arm gcc/native/4.8.1426/arm-gnu-toolchain/bin/../lib/gcc/arm-none-eabi/4.8.3/armv6-m/crti.o
                0x00007ec4                _fini
 .fini          0x00007ec8        0x8 c:/program files (x86)/atmel/atmel toolchain/arm gcc/native/4.8.1426/arm-gnu-toolchain/bin/../lib/gcc/arm-none-eabi/4.8.3/armv6-m/crtn.o
                0x00007ed0                . = ALIGN (0x4)
                0x00007ed0                __fini_array_start = .
 *(.fini_array)
 .fini_array    0x00007ed0        0x4 c:/program files (x86)/atmel/atmel toolchain/arm gcc/native/4.8.1426/arm-gnu-toolchain/bin/../lib/gcc/arm-none-eabi/4.8.3/armv6-m/crtbegin.o
 *(SORT(.fini_array.*))
                0x00007ed4                __fini_array_end = .
 *crtbegin.o(.dtors)
 *(EXCLUDE_FILE(*crtend.o) .dtors)
 *(SORT(.dtors.*))
 *crtend.o(.dtors)
                0x00007ed4                . = ALIGN (0x4)
                0x00007ed4                _efixed = .
                0x00007ed4                PROVIDE (__exidx_start, .)

.vfp11_veneer   0x00007ed4        0x0
 .vfp11_veneer  0x00000000        0x0 linker stubs

.v4_bx          0x00007ed4        0x0
 .v4_bx         0x00000000        0x0 linker stubs

.iplt           0x00007ed4        0x0
 .iplt          0x00000000        0x0 c:/program files (x86)/atmel/atmel toolchain/arm gcc/native/4.8.1426/arm-gnu-toolchain/bin/../lib/gcc/arm-none-eabi/4.8.3/armv6-m/crtbegin.o

.ARM.exidx      0x00007ed4        0x8
 *(.ARM.exidx* .gnu.linkonce.armexidx.*)
 .ARM.exidx     0x00007ed4        0x8 c:/program files (x86)/atmel/atmel toolchain/arm gcc/native/4.8.1426/arm-gnu-toolchain/bin/../lib/gcc/arm-none-eabi/4.8.3/armv6-m\libgcc.a(_divdi3.o)
 .ARM.exidx     0x00007edc        0x0 c:/program files (x86)/atmel/atmel toolchain/arm gcc/native/4.8.1426/arm-gnu-toolchain/bin/../lib/gcc/arm-none-eabi/4.8.3/armv6-m\libgcc.a(_udivdi3.o)
                                  0x8 (size before relaxing)
                0x00007edc                PROVIDE (__exidx_end, .)

.eh_frame       0x00007edc        0x0
 .eh_frame      0x00007edc        0x0 c:/program files (x86)/atmel/atmel toolchain/arm gcc/native/4.8.1426/arm-gnu-toolchain/bin/../lib/gcc/arm-none-eabi/4.8.3/armv6-m/crtbegin.o

.rel.dyn        0x00007edc        0x0
 .rel.iplt      0x00000000        0x0 c:/program files (x86)/atmel/atmel toolchain/arm gcc/native/4.8.1426/arm-gnu-toolchain/bin/../lib/gcc/arm-none-eabi/4.8.3/armv6-m/crtbegin.o

.jcr            0x00007edc        0x0
 .jcr           0x00007edc        0x0 c:/program files (x86)/atmel/atmel toolchain/arm gcc/native/4.8.1426/arm-gnu-toolchain/bin/../lib/gcc/arm-none-eabi/4.8.3/armv6-m/crtbegin.o

.tm_clone_table
                0x00007edc        0x0
 .tm_clone_table
                0x00007edc        0x0 c:/program files (x86)/atmel/atmel toolchain/arm gcc/native/4.8.1426/arm-gnu-toolchain/bin/../lib/gcc/arm-none-eabi/4.8.3/armv6-m/crtbegin.o
 .tm_clone_table
                0x00007edc        0x0 c:/program files (x86)/atmel/atmel toolchain/arm gcc/native/4.8.1426/arm-gnu-toolchain/bin/../lib/gcc/arm-none-eabi/4.8.3/armv6-m/crtend.o

.igot.plt       0x00007edc        0x0
 .igot.plt      0x00000000        0x0 c:/program files (x86)/atmel/atmel toolchain/arm gcc/native/4.8.1426/arm-gnu-toolchain/bin/../lib/gcc/arm-none-eabi/4.8.3/armv6-m/crtbegin.o
                0x00007edc                . = ALIGN (0x4)
                0x00007edc                _etext = .

.relocate       0x20000000      0x8c4 load address 0x00007edc
                0x20000000                . = ALIGN (0x4)
                0x20000000                _srelocate = .
 *(.ramfunc .ramfunc.*)
 *(.data .data.*)
 .data.g_interrupt_enabled
                0x20000000        0x1 src/ASF/common/utils/interrupt/interrupt_sam_nvic.o
                0x20000000                g_interrupt_enabled
 *fill*         0x20000001        0x7 
 .data          0x20000008      0x430 c:/program files (x86)/atmel/atmel toolchain/arm gcc/native/4.8.1426/arm-gnu-toolchain/bin/../lib/gcc/arm-none-eabi/4.8.3/../../../../arm-none-eabi/lib/armv6-m\libc.a(lib_a-impure.o)
                0x20000008                _impure_ptr
 .data          0x20000438       0x7c c:/program files (x86)/atmel/atmel toolchain/arm gcc/native/4.8.1426/arm-gnu-toolchain/bin/../lib/gcc/arm-none-eabi/4.8.3/../../../../arm-none-eabi/lib/armv6-m\libc.a(lib_a-locale.o)
                0x20000458                __mb_cur_max
 .data          0x200004b4      0x410 c:/program files (x86)/atmel/atmel toolchain/arm gcc/native/4.8.1426/arm-gnu-toolchain/bin/../lib/gcc/arm-none-eabi/4.8.3/../../../../arm-none-eabi/lib/armv6-m\libc.a(lib_a-mallocr.o)
                0x200004b4                __malloc_av_
                0x200008bc                __malloc_sbrk_base
                0x200008c0                __malloc_trim_threshold
                0x200008c4                . = ALIGN (0x4)
                0x200008c4                _erelocate = .

.bss            0x200008c8      0x134 load address 0x000087a8
                0x200008c8                . = ALIGN (0x4)
                0x200008c8                _sbss = .
                0x200008c8                _szero = .
 *(.bss .bss.*)
 .bss           0x200008c8       0x1c c:/program files (x86)/atmel/atmel toolchain/arm gcc/native/4.8.1426/arm-gnu-toolchain/bin/../lib/gcc/arm-none-eabi/4.8.3/armv6-m/crtbegin.o
 .bss.resolution
                0x200008e4        0x1 src/ASF/sam0/components/sensor/at30tse75x/at30tse75x.o
                0x200008e4                resolution
 *fill*         0x200008e5        0x3 
 .bss._sercom_config
                0x200008e8        0x4 src/ASF/sam0/drivers/sercom/sercom.o
 .bss._handler_table_initialized
                0x200008ec        0x1 src/ASF/sam0/drivers/sercom/sercom_interrupt.o
 *fill*         0x200008ed        0x3 
 .bss._sercom_interrupt_handlers
                0x200008f0       0x18 src/ASF/sam0/drivers/sercom/sercom_interrupt.o
 .bss.cpu_irq_critical_section_counter
                0x20000908        0x4 src/ASF/common/utils/interrupt/interrupt_sam_nvic.o
 .bss.cpu_irq_prev_interrupt_state
                0x2000090c        0x1 src/ASF/common/utils/interrupt/interrupt_sam_nvic.o
 *fill*         0x2000090d        0x3 
 .bss._system_clock_inst
                0x20000910       0x14 src/ASF/sam0/drivers/system/clock/clock_samd20/clock.o
 .bss.heap.5088
                0x20000924        0x4 src/ASF/sam0/utils/syscalls/gcc/syscalls.o
 .bss.sys_timer1
                0x20000928        0x4 src/main.o
                0x20000928                sys_timer1
 .bss           0x2000092c       0x34 c:/program files (x86)/atmel/atmel toolchain/arm gcc/native/4.8.1426/arm-gnu-toolchain/bin/../lib/gcc/arm-none-eabi/4.8.3/../../../../arm-none-eabi/lib/armv6-m\libc.a(lib_a-mallocr.o)
                0x2000092c                __malloc_top_pad
                0x20000930                __malloc_current_mallinfo
                0x20000958                __malloc_max_sbrked_mem
                0x2000095c                __malloc_max_total_mem
 *(COMMON)
 COMMON         0x20000960       0x28 src/ASF/sam0/components/sensor/at30tse75x/at30tse75x.o
                0x20000960                dev_inst_at30tse75x
 COMMON         0x20000988       0x20 src/ASF/sam0/drivers/tc/tc_interrupt.o
                0x20000988                _tc_instances
 COMMON         0x200009a8       0x18 src/ASF/sam0/drivers/sercom/sercom_interrupt.o
                0x200009a8                _sercom_instances
 COMMON         0x200009c0       0x38 src/main.o
                0x200009c0                usart_instance
                0x200009e4                rx_buffer
                0x200009f0                temp_res
 COMMON         0x200009f8        0x4 c:/program files (x86)/atmel/atmel toolchain/arm gcc/native/4.8.1426/arm-gnu-toolchain/bin/../lib/gcc/arm-none-eabi/4.8.3/../../../../arm-none-eabi/lib/armv6-m\libc.a(lib_a-reent.o)
                0x200009f8                errno
                0x200009fc                . = ALIGN (0x4)
                0x200009fc                _ebss = .
                0x200009fc                _ezero = .

.stack          0x200009fc     0x2004 load address 0x000088dc
                0x20000a00                . = ALIGN (0x8)
 *fill*         0x200009fc        0x4 
                0x20000a00                _sstack = .
                0x20002a00                . = (. + __stack_size__)
 *fill*         0x20000a00     0x2000 
                0x20002a00                . = ALIGN (0x8)
                0x20002a00                _estack = .
                0x20002a00                . = ALIGN (0x4)
                0x20002a00                _end = .
OUTPUT(I2C_Temp_ASF.elf elf32-littlearm)

.ARM.attributes
                0x00000000       0x28
 .ARM.attributes
                0x00000000       0x1e c:/program files (x86)/atmel/atmel toolchain/arm gcc/native/4.8.1426/arm-gnu-toolchain/bin/../lib/gcc/arm-none-eabi/4.8.3/armv6-m/crti.o
 .ARM.attributes
                0x0000001e       0x2c c:/program files (x86)/atmel/atmel toolchain/arm gcc/native/4.8.1426/arm-gnu-toolchain/bin/../lib/gcc/arm-none-eabi/4.8.3/armv6-m/crtbegin.o
 .ARM.attributes
                0x0000004a       0x32 src/ASF/sam0/components/sensor/at30tse75x/at30tse75x.o
 .ARM.attributes
                0x0000007c       0x32 src/ASF/sam0/drivers/sercom/usart/usart.o
 .ARM.attributes
                0x000000ae       0x32 src/ASF/sam0/drivers/sercom/usart/usart_interrupt.o
 .ARM.attributes
                0x000000e0       0x32 src/ASF/sam0/drivers/tc/tc_interrupt.o
 .ARM.attributes
                0x00000112       0x32 src/ASF/sam0/drivers/sercom/i2c/i2c_samd20/i2c_master.o
 .ARM.attributes
                0x00000144       0x32 src/ASF/sam0/drivers/sercom/i2c/i2c_samd20/i2c_master_interrupt.o
 .ARM.attributes
                0x00000176       0x32 src/ASF/sam0/drivers/sercom/sercom.o
 .ARM.attributes
                0x000001a8       0x32 src/ASF/sam0/drivers/sercom/sercom_interrupt.o
 .ARM.attributes
                0x000001da       0x32 src/ASF/common/utils/interrupt/interrupt_sam_nvic.o
 .ARM.attributes
                0x0000020c       0x32 src/ASF/sam0/boards/samd20_xplained_pro/board_init.o
 .ARM.attributes
                0x0000023e       0x32 src/ASF/sam0/drivers/port/port.o
 .ARM.attributes
                0x00000270       0x32 src/ASF/sam0/drivers/system/clock/clock_samd20/clock.o
 .ARM.attributes
                0x000002a2       0x32 src/ASF/sam0/drivers/system/clock/clock_samd20/gclk.o
 .ARM.attributes
                0x000002d4       0x32 src/ASF/sam0/drivers/system/pinmux/pinmux.o
 .ARM.attributes
                0x00000306       0x32 src/ASF/sam0/drivers/system/system.o
 .ARM.attributes
                0x00000338       0x32 src/ASF/sam0/utils/cmsis/samd20/source/gcc/startup_samd20.o
 .ARM.attributes
                0x0000036a       0x32 src/ASF/sam0/utils/syscalls/gcc/syscalls.o
 .ARM.attributes
                0x0000039c       0x32 src/main.o
 .ARM.attributes
                0x000003ce       0x1e c:/program files (x86)/atmel/atmel toolchain/arm gcc/native/4.8.1426/arm-gnu-toolchain/bin/../lib/gcc/arm-none-eabi/4.8.3/armv6-m\libgcc.a(_udivsi3.o)
 .ARM.attributes
                0x000003ec       0x1e c:/program files (x86)/atmel/atmel toolchain/arm gcc/native/4.8.1426/arm-gnu-toolchain/bin/../lib/gcc/arm-none-eabi/4.8.3/armv6-m\libgcc.a(_dvmd_tls.o)
 .ARM.attributes
                0x0000040a       0x1e c:/program files (x86)/atmel/atmel toolchain/arm gcc/native/4.8.1426/arm-gnu-toolchain/bin/../lib/gcc/arm-none-eabi/4.8.3/armv6-m\libgcc.a(_arm_cmpdf2.o)
 .ARM.attributes
                0x00000428       0x1e c:/program files (x86)/atmel/atmel toolchain/arm gcc/native/4.8.1426/arm-gnu-toolchain/bin/../lib/gcc/arm-none-eabi/4.8.3/armv6-m\libgcc.a(_aeabi_uldivmod.o)
 .ARM.attributes
                0x00000446       0x2c c:/program files (x86)/atmel/atmel toolchain/arm gcc/native/4.8.1426/arm-gnu-toolchain/bin/../lib/gcc/arm-none-eabi/4.8.3/armv6-m\libgcc.a(_muldi3.o)
 .ARM.attributes
                0x00000472       0x2c c:/program files (x86)/atmel/atmel toolchain/arm gcc/native/4.8.1426/arm-gnu-toolchain/bin/../lib/gcc/arm-none-eabi/4.8.3/armv6-m\libgcc.a(bpabi.o)
 .ARM.attributes
                0x0000049e       0x2c c:/program files (x86)/atmel/atmel toolchain/arm gcc/native/4.8.1426/arm-gnu-toolchain/bin/../lib/gcc/arm-none-eabi/4.8.3/armv6-m\libgcc.a(adddf3.o)
 .ARM.attributes
                0x000004ca       0x2c c:/program files (x86)/atmel/atmel toolchain/arm gcc/native/4.8.1426/arm-gnu-toolchain/bin/../lib/gcc/arm-none-eabi/4.8.3/armv6-m\libgcc.a(eqdf2.o)
 .ARM.attributes
                0x000004f6       0x2c c:/program files (x86)/atmel/atmel toolchain/arm gcc/native/4.8.1426/arm-gnu-toolchain/bin/../lib/gcc/arm-none-eabi/4.8.3/armv6-m\libgcc.a(gedf2.o)
 .ARM.attributes
                0x00000522       0x2c c:/program files (x86)/atmel/atmel toolchain/arm gcc/native/4.8.1426/arm-gnu-toolchain/bin/../lib/gcc/arm-none-eabi/4.8.3/armv6-m\libgcc.a(ledf2.o)
 .ARM.attributes
                0x0000054e       0x2c c:/program files (x86)/atmel/atmel toolchain/arm gcc/native/4.8.1426/arm-gnu-toolchain/bin/../lib/gcc/arm-none-eabi/4.8.3/armv6-m\libgcc.a(muldf3.o)
 .ARM.attributes
                0x0000057a       0x2c c:/program files (x86)/atmel/atmel toolchain/arm gcc/native/4.8.1426/arm-gnu-toolchain/bin/../lib/gcc/arm-none-eabi/4.8.3/armv6-m\libgcc.a(floatsidf.o)
 .ARM.attributes
                0x000005a6       0x1e c:/program files (x86)/atmel/atmel toolchain/arm gcc/native/4.8.1426/arm-gnu-toolchain/bin/../lib/gcc/arm-none-eabi/4.8.3/armv6-m\libgcc.a(_clzsi2.o)
 .ARM.attributes
                0x000005c4       0x2c c:/program files (x86)/atmel/atmel toolchain/arm gcc/native/4.8.1426/arm-gnu-toolchain/bin/../lib/gcc/arm-none-eabi/4.8.3/armv6-m\libgcc.a(_divdi3.o)
 .ARM.attributes
                0x000005f0       0x2c c:/program files (x86)/atmel/atmel toolchain/arm gcc/native/4.8.1426/arm-gnu-toolchain/bin/../lib/gcc/arm-none-eabi/4.8.3/armv6-m\libgcc.a(_udivdi3.o)
 .ARM.attributes
                0x0000061c       0x2c c:/program files (x86)/atmel/atmel toolchain/arm gcc/native/4.8.1426/arm-gnu-toolchain/bin/../lib/gcc/arm-none-eabi/4.8.3/../../../../arm-none-eabi/lib/armv6-m\libc.a(lib_a-atexit.o)
 .ARM.attributes
                0x00000648       0x2c c:/program files (x86)/atmel/atmel toolchain/arm gcc/native/4.8.1426/arm-gnu-toolchain/bin/../lib/gcc/arm-none-eabi/4.8.3/../../../../arm-none-eabi/lib/armv6-m\libc.a(lib_a-fini.o)
 .ARM.attributes
                0x00000674       0x2c c:/program files (x86)/atmel/atmel toolchain/arm gcc/native/4.8.1426/arm-gnu-toolchain/bin/../lib/gcc/arm-none-eabi/4.8.3/../../../../arm-none-eabi/lib/armv6-m\libc.a(lib_a-impure.o)
 .ARM.attributes
                0x000006a0       0x2c c:/program files (x86)/atmel/atmel toolchain/arm gcc/native/4.8.1426/arm-gnu-toolchain/bin/../lib/gcc/arm-none-eabi/4.8.3/../../../../arm-none-eabi/lib/armv6-m\libc.a(lib_a-init.o)
 .ARM.attributes
                0x000006cc       0x2c c:/program files (x86)/atmel/atmel toolchain/arm gcc/native/4.8.1426/arm-gnu-toolchain/bin/../lib/gcc/arm-none-eabi/4.8.3/../../../../arm-none-eabi/lib/armv6-m\libc.a(lib_a-memcpy-stub.o)
 .ARM.attributes
                0x000006f8       0x2c c:/program files (x86)/atmel/atmel toolchain/arm gcc/native/4.8.1426/arm-gnu-toolchain/bin/../lib/gcc/arm-none-eabi/4.8.3/../../../../arm-none-eabi/lib/armv6-m\libc.a(lib_a-memset.o)
 .ARM.attributes
                0x00000724       0x2c c:/program files (x86)/atmel/atmel toolchain/arm gcc/native/4.8.1426/arm-gnu-toolchain/bin/../lib/gcc/arm-none-eabi/4.8.3/../../../../arm-none-eabi/lib/armv6-m\libc.a(lib_a-sprintf.o)
 .ARM.attributes
                0x00000750       0x2c c:/program files (x86)/atmel/atmel toolchain/arm gcc/native/4.8.1426/arm-gnu-toolchain/bin/../lib/gcc/arm-none-eabi/4.8.3/../../../../arm-none-eabi/lib/armv6-m\libc.a(lib_a-svfprintf.o)
 .ARM.attributes
                0x0000077c       0x2c c:/program files (x86)/atmel/atmel toolchain/arm gcc/native/4.8.1426/arm-gnu-toolchain/bin/../lib/gcc/arm-none-eabi/4.8.3/../../../../arm-none-eabi/lib/armv6-m\libc.a(lib_a-__atexit.o)
 .ARM.attributes
                0x000007a8       0x2c c:/program files (x86)/atmel/atmel toolchain/arm gcc/native/4.8.1426/arm-gnu-toolchain/bin/../lib/gcc/arm-none-eabi/4.8.3/../../../../arm-none-eabi/lib/armv6-m\libc.a(lib_a-__call_atexit.o)
 .ARM.attributes
                0x000007d4       0x2c c:/program files (x86)/atmel/atmel toolchain/arm gcc/native/4.8.1426/arm-gnu-toolchain/bin/../lib/gcc/arm-none-eabi/4.8.3/../../../../arm-none-eabi/lib/armv6-m\libc.a(lib_a-dtoa.o)
 .ARM.attributes
                0x00000800       0x2c c:/program files (x86)/atmel/atmel toolchain/arm gcc/native/4.8.1426/arm-gnu-toolchain/bin/../lib/gcc/arm-none-eabi/4.8.3/../../../../arm-none-eabi/lib/armv6-m\libc.a(lib_a-freer.o)
 .ARM.attributes
                0x0000082c       0x2c c:/program files (x86)/atmel/atmel toolchain/arm gcc/native/4.8.1426/arm-gnu-toolchain/bin/../lib/gcc/arm-none-eabi/4.8.3/../../../../arm-none-eabi/lib/armv6-m\libc.a(lib_a-locale.o)
 .ARM.attributes
                0x00000858       0x2c c:/program files (x86)/atmel/atmel toolchain/arm gcc/native/4.8.1426/arm-gnu-toolchain/bin/../lib/gcc/arm-none-eabi/4.8.3/../../../../arm-none-eabi/lib/armv6-m\libc.a(lib_a-mallocr.o)
 .ARM.attributes
                0x00000884       0x2c c:/program files (x86)/atmel/atmel toolchain/arm gcc/native/4.8.1426/arm-gnu-toolchain/bin/../lib/gcc/arm-none-eabi/4.8.3/../../../../arm-none-eabi/lib/armv6-m\libc.a(lib_a-memchr-stub.o)
 .ARM.attributes
                0x000008b0       0x2c c:/program files (x86)/atmel/atmel toolchain/arm gcc/native/4.8.1426/arm-gnu-toolchain/bin/../lib/gcc/arm-none-eabi/4.8.3/../../../../arm-none-eabi/lib/armv6-m\libc.a(lib_a-mlock.o)
 .ARM.attributes
                0x000008dc       0x2c c:/program files (x86)/atmel/atmel toolchain/arm gcc/native/4.8.1426/arm-gnu-toolchain/bin/../lib/gcc/arm-none-eabi/4.8.3/../../../../arm-none-eabi/lib/armv6-m\libc.a(lib_a-mprec.o)
 .ARM.attributes
                0x00000908       0x2c c:/program files (x86)/atmel/atmel toolchain/arm gcc/native/4.8.1426/arm-gnu-toolchain/bin/../lib/gcc/arm-none-eabi/4.8.3/../../../../arm-none-eabi/lib/armv6-m\libc.a(lib_a-s_fpclassify.o)
 .ARM.attributes
                0x00000934       0x2c c:/program files (x86)/atmel/atmel toolchain/arm gcc/native/4.8.1426/arm-gnu-toolchain/bin/../lib/gcc/arm-none-eabi/4.8.3/../../../../arm-none-eabi/lib/armv6-m\libc.a(lib_a-sbrkr.o)
 .ARM.attributes
                0x00000960       0x1c c:/program files (x86)/atmel/atmel toolchain/arm gcc/native/4.8.1426/arm-gnu-toolchain/bin/../lib/gcc/arm-none-eabi/4.8.3/../../../../arm-none-eabi/lib/armv6-m\libc.a(lib_a-strcmp.o)
 .ARM.attributes
                0x0000097c       0x2c c:/program files (x86)/atmel/atmel toolchain/arm gcc/native/4.8.1426/arm-gnu-toolchain/bin/../lib/gcc/arm-none-eabi/4.8.3/../../../../arm-none-eabi/lib/armv6-m\libc.a(lib_a-strlen.o)
 .ARM.attributes
                0x000009a8       0x2c c:/program files (x86)/atmel/atmel toolchain/arm gcc/native/4.8.1426/arm-gnu-toolchain/bin/../lib/gcc/arm-none-eabi/4.8.3/../../../../arm-none-eabi/lib/armv6-m\libc.a(lib_a-svfiprintf.o)
 .ARM.attributes
                0x000009d4       0x2c c:/program files (x86)/atmel/atmel toolchain/arm gcc/native/4.8.1426/arm-gnu-toolchain/bin/../lib/gcc/arm-none-eabi/4.8.3/../../../../arm-none-eabi/lib/armv6-m\libc.a(lib_a-callocr.o)
 .ARM.attributes
                0x00000a00       0x2c c:/program files (x86)/atmel/atmel toolchain/arm gcc/native/4.8.1426/arm-gnu-toolchain/bin/../lib/gcc/arm-none-eabi/4.8.3/../../../../arm-none-eabi/lib/armv6-m\libc.a(lib_a-memmove.o)
 .ARM.attributes
                0x00000a2c       0x2c c:/program files (x86)/atmel/atmel toolchain/arm gcc/native/4.8.1426/arm-gnu-toolchain/bin/../lib/gcc/arm-none-eabi/4.8.3/../../../../arm-none-eabi/lib/armv6-m\libc.a(lib_a-reallocr.o)
 .ARM.attributes
                0x00000a58       0x2c c:/program files (x86)/atmel/atmel toolchain/arm gcc/native/4.8.1426/arm-gnu-toolchain/bin/../lib/gcc/arm-none-eabi/4.8.3/../../../../arm-none-eabi/lib/armv6-m\libc.a(lib_a-reent.o)
 .ARM.attributes
                0x00000a84       0x1e c:/program files (x86)/atmel/atmel toolchain/arm gcc/native/4.8.1426/arm-gnu-toolchain/bin/../lib/gcc/arm-none-eabi/4.8.3/armv6-m\libgcc.a(_thumb1_case_uqi.o)
 .ARM.attributes
                0x00000aa2       0x1e c:/program files (x86)/atmel/atmel toolchain/arm gcc/native/4.8.1426/arm-gnu-toolchain/bin/../lib/gcc/arm-none-eabi/4.8.3/armv6-m\libgcc.a(_thumb1_case_uhi.o)
 .ARM.attributes
                0x00000ac0       0x1e c:/program files (x86)/atmel/atmel toolchain/arm gcc/native/4.8.1426/arm-gnu-toolchain/bin/../lib/gcc/arm-none-eabi/4.8.3/armv6-m\libgcc.a(_divsi3.o)
 .ARM.attributes
                0x00000ade       0x2c c:/program files (x86)/atmel/atmel toolchain/arm gcc/native/4.8.1426/arm-gnu-toolchain/bin/../lib/gcc/arm-none-eabi/4.8.3/armv6-m\libgcc.a(divdf3.o)
 .ARM.attributes
                0x00000b0a       0x2c c:/program files (x86)/atmel/atmel toolchain/arm gcc/native/4.8.1426/arm-gnu-toolchain/bin/../lib/gcc/arm-none-eabi/4.8.3/armv6-m\libgcc.a(subdf3.o)
 .ARM.attributes
                0x00000b36       0x2c c:/program files (x86)/atmel/atmel toolchain/arm gcc/native/4.8.1426/arm-gnu-toolchain/bin/../lib/gcc/arm-none-eabi/4.8.3/armv6-m\libgcc.a(fixdfsi.o)
 .ARM.attributes
                0x00000b62       0x2c c:/program files (x86)/atmel/atmel toolchain/arm gcc/native/4.8.1426/arm-gnu-toolchain/bin/../lib/gcc/arm-none-eabi/4.8.3/armv6-m\libgcc.a(floatunsidf.o)
 .ARM.attributes
                0x00000b8e       0x2c c:/program files (x86)/atmel/atmel toolchain/arm gcc/native/4.8.1426/arm-gnu-toolchain/bin/../lib/gcc/arm-none-eabi/4.8.3/armv6-m/crtend.o
 .ARM.attributes
                0x00000bba       0x1e c:/program files (x86)/atmel/atmel toolchain/arm gcc/native/4.8.1426/arm-gnu-toolchain/bin/../lib/gcc/arm-none-eabi/4.8.3/armv6-m/crtn.o

.comment        0x00000000       0x71
 .comment       0x00000000       0x71 c:/program files (x86)/atmel/atmel toolchain/arm gcc/native/4.8.1426/arm-gnu-toolchain/bin/../lib/gcc/arm-none-eabi/4.8.3/armv6-m/crtbegin.o
                                 0x72 (size before relaxing)
 .comment       0x00000000       0x72 src/ASF/sam0/components/sensor/at30tse75x/at30tse75x.o
 .comment       0x00000000       0x72 src/ASF/sam0/drivers/sercom/usart/usart.o
 .comment       0x00000000       0x72 src/ASF/sam0/drivers/sercom/usart/usart_interrupt.o
 .comment       0x00000000       0x72 src/ASF/sam0/drivers/tc/tc_interrupt.o
 .comment       0x00000000       0x72 src/ASF/sam0/drivers/sercom/i2c/i2c_samd20/i2c_master.o
 .comment       0x00000000       0x72 src/ASF/sam0/drivers/sercom/i2c/i2c_samd20/i2c_master_interrupt.o
 .comment       0x00000000       0x72 src/ASF/sam0/drivers/sercom/sercom.o
 .comment       0x00000000       0x72 src/ASF/sam0/drivers/sercom/sercom_interrupt.o
 .comment       0x00000000       0x72 src/ASF/common/utils/interrupt/interrupt_sam_nvic.o
 .comment       0x00000000       0x72 src/ASF/sam0/boards/samd20_xplained_pro/board_init.o
 .comment       0x00000000       0x72 src/ASF/sam0/drivers/port/port.o
 .comment       0x00000000       0x72 src/ASF/sam0/drivers/system/clock/clock_samd20/clock.o
 .comment       0x00000000       0x72 src/ASF/sam0/drivers/system/clock/clock_samd20/gclk.o
 .comment       0x00000000       0x72 src/ASF/sam0/drivers/system/pinmux/pinmux.o
 .comment       0x00000000       0x72 src/ASF/sam0/drivers/system/system.o
 .comment       0x00000000       0x72 src/ASF/sam0/utils/cmsis/samd20/source/gcc/startup_samd20.o
 .comment       0x00000000       0x72 src/ASF/sam0/utils/syscalls/gcc/syscalls.o
 .comment       0x00000000       0x72 src/main.o
 .comment       0x00000000       0x72 c:/program files (x86)/atmel/atmel toolchain/arm gcc/native/4.8.1426/arm-gnu-toolchain/bin/../lib/gcc/arm-none-eabi/4.8.3/../../../../arm-none-eabi/lib/armv6-m\libc.a(lib_a-atexit.o)
 .comment       0x00000000       0x72 c:/program files (x86)/atmel/atmel toolchain/arm gcc/native/4.8.1426/arm-gnu-toolchain/bin/../lib/gcc/arm-none-eabi/4.8.3/../../../../arm-none-eabi/lib/armv6-m\libc.a(lib_a-fini.o)
 .comment       0x00000000       0x72 c:/program files (x86)/atmel/atmel toolchain/arm gcc/native/4.8.1426/arm-gnu-toolchain/bin/../lib/gcc/arm-none-eabi/4.8.3/../../../../arm-none-eabi/lib/armv6-m\libc.a(lib_a-impure.o)
 .comment       0x00000000       0x72 c:/program files (x86)/atmel/atmel toolchain/arm gcc/native/4.8.1426/arm-gnu-toolchain/bin/../lib/gcc/arm-none-eabi/4.8.3/../../../../arm-none-eabi/lib/armv6-m\libc.a(lib_a-init.o)
 .comment       0x00000000       0x72 c:/program files (x86)/atmel/atmel toolchain/arm gcc/native/4.8.1426/arm-gnu-toolchain/bin/../lib/gcc/arm-none-eabi/4.8.3/../../../../arm-none-eabi/lib/armv6-m\libc.a(lib_a-memcpy-stub.o)
 .comment       0x00000000       0x72 c:/program files (x86)/atmel/atmel toolchain/arm gcc/native/4.8.1426/arm-gnu-toolchain/bin/../lib/gcc/arm-none-eabi/4.8.3/../../../../arm-none-eabi/lib/armv6-m\libc.a(lib_a-memset.o)
 .comment       0x00000000       0x72 c:/program files (x86)/atmel/atmel toolchain/arm gcc/native/4.8.1426/arm-gnu-toolchain/bin/../lib/gcc/arm-none-eabi/4.8.3/../../../../arm-none-eabi/lib/armv6-m\libc.a(lib_a-sprintf.o)
 .comment       0x00000000       0x72 c:/program files (x86)/atmel/atmel toolchain/arm gcc/native/4.8.1426/arm-gnu-toolchain/bin/../lib/gcc/arm-none-eabi/4.8.3/../../../../arm-none-eabi/lib/armv6-m\libc.a(lib_a-svfprintf.o)
 .comment       0x00000000       0x72 c:/program files (x86)/atmel/atmel toolchain/arm gcc/native/4.8.1426/arm-gnu-toolchain/bin/../lib/gcc/arm-none-eabi/4.8.3/../../../../arm-none-eabi/lib/armv6-m\libc.a(lib_a-__atexit.o)
 .comment       0x00000000       0x72 c:/program files (x86)/atmel/atmel toolchain/arm gcc/native/4.8.1426/arm-gnu-toolchain/bin/../lib/gcc/arm-none-eabi/4.8.3/../../../../arm-none-eabi/lib/armv6-m\libc.a(lib_a-__call_atexit.o)
 .comment       0x00000000       0x72 c:/program files (x86)/atmel/atmel toolchain/arm gcc/native/4.8.1426/arm-gnu-toolchain/bin/../lib/gcc/arm-none-eabi/4.8.3/../../../../arm-none-eabi/lib/armv6-m\libc.a(lib_a-dtoa.o)
 .comment       0x00000000       0x72 c:/program files (x86)/atmel/atmel toolchain/arm gcc/native/4.8.1426/arm-gnu-toolchain/bin/../lib/gcc/arm-none-eabi/4.8.3/../../../../arm-none-eabi/lib/armv6-m\libc.a(lib_a-freer.o)
 .comment       0x00000000       0x72 c:/program files (x86)/atmel/atmel toolchain/arm gcc/native/4.8.1426/arm-gnu-toolchain/bin/../lib/gcc/arm-none-eabi/4.8.3/../../../../arm-none-eabi/lib/armv6-m\libc.a(lib_a-locale.o)
 .comment       0x00000000       0x72 c:/program files (x86)/atmel/atmel toolchain/arm gcc/native/4.8.1426/arm-gnu-toolchain/bin/../lib/gcc/arm-none-eabi/4.8.3/../../../../arm-none-eabi/lib/armv6-m\libc.a(lib_a-mallocr.o)
 .comment       0x00000000       0x72 c:/program files (x86)/atmel/atmel toolchain/arm gcc/native/4.8.1426/arm-gnu-toolchain/bin/../lib/gcc/arm-none-eabi/4.8.3/../../../../arm-none-eabi/lib/armv6-m\libc.a(lib_a-memchr-stub.o)
 .comment       0x00000000       0x72 c:/program files (x86)/atmel/atmel toolchain/arm gcc/native/4.8.1426/arm-gnu-toolchain/bin/../lib/gcc/arm-none-eabi/4.8.3/../../../../arm-none-eabi/lib/armv6-m\libc.a(lib_a-mlock.o)
 .comment       0x00000000       0x72 c:/program files (x86)/atmel/atmel toolchain/arm gcc/native/4.8.1426/arm-gnu-toolchain/bin/../lib/gcc/arm-none-eabi/4.8.3/../../../../arm-none-eabi/lib/armv6-m\libc.a(lib_a-mprec.o)
 .comment       0x00000000       0x72 c:/program files (x86)/atmel/atmel toolchain/arm gcc/native/4.8.1426/arm-gnu-toolchain/bin/../lib/gcc/arm-none-eabi/4.8.3/../../../../arm-none-eabi/lib/armv6-m\libc.a(lib_a-s_fpclassify.o)
 .comment       0x00000000       0x72 c:/program files (x86)/atmel/atmel toolchain/arm gcc/native/4.8.1426/arm-gnu-toolchain/bin/../lib/gcc/arm-none-eabi/4.8.3/../../../../arm-none-eabi/lib/armv6-m\libc.a(lib_a-sbrkr.o)
 .comment       0x00000000       0x72 c:/program files (x86)/atmel/atmel toolchain/arm gcc/native/4.8.1426/arm-gnu-toolchain/bin/../lib/gcc/arm-none-eabi/4.8.3/../../../../arm-none-eabi/lib/armv6-m\libc.a(lib_a-strlen.o)
 .comment       0x00000000       0x72 c:/program files (x86)/atmel/atmel toolchain/arm gcc/native/4.8.1426/arm-gnu-toolchain/bin/../lib/gcc/arm-none-eabi/4.8.3/../../../../arm-none-eabi/lib/armv6-m\libc.a(lib_a-svfiprintf.o)
 .comment       0x00000000       0x72 c:/program files (x86)/atmel/atmel toolchain/arm gcc/native/4.8.1426/arm-gnu-toolchain/bin/../lib/gcc/arm-none-eabi/4.8.3/../../../../arm-none-eabi/lib/armv6-m\libc.a(lib_a-callocr.o)
 .comment       0x00000000       0x72 c:/program files (x86)/atmel/atmel toolchain/arm gcc/native/4.8.1426/arm-gnu-toolchain/bin/../lib/gcc/arm-none-eabi/4.8.3/../../../../arm-none-eabi/lib/armv6-m\libc.a(lib_a-memmove.o)
 .comment       0x00000000       0x72 c:/program files (x86)/atmel/atmel toolchain/arm gcc/native/4.8.1426/arm-gnu-toolchain/bin/../lib/gcc/arm-none-eabi/4.8.3/../../../../arm-none-eabi/lib/armv6-m\libc.a(lib_a-reallocr.o)
 .comment       0x00000000       0x72 c:/program files (x86)/atmel/atmel toolchain/arm gcc/native/4.8.1426/arm-gnu-toolchain/bin/../lib/gcc/arm-none-eabi/4.8.3/../../../../arm-none-eabi/lib/armv6-m\libc.a(lib_a-reent.o)
 .comment       0x00000000       0x72 c:/program files (x86)/atmel/atmel toolchain/arm gcc/native/4.8.1426/arm-gnu-toolchain/bin/../lib/gcc/arm-none-eabi/4.8.3/armv6-m/crtend.o

.debug_info     0x00000000    0x2ade9
 .debug_info    0x00000000     0x23ab src/ASF/sam0/components/sensor/at30tse75x/at30tse75x.o
 .debug_info    0x000023ab     0x38f6 src/ASF/sam0/drivers/sercom/usart/usart.o
 .debug_info    0x00005ca1     0x1f42 src/ASF/sam0/drivers/sercom/usart/usart_interrupt.o
 .debug_info    0x00007be3     0x11e0 src/ASF/sam0/drivers/tc/tc_interrupt.o
 .debug_info    0x00008dc3     0x3aee src/ASF/sam0/drivers/sercom/i2c/i2c_samd20/i2c_master.o
 .debug_info    0x0000c8b1     0x1f6c src/ASF/sam0/drivers/sercom/i2c/i2c_samd20/i2c_master_interrupt.o
 .debug_info    0x0000e81d     0x1bb9 src/ASF/sam0/drivers/sercom/sercom.o
 .debug_info    0x000103d6     0x1b99 src/ASF/sam0/drivers/sercom/sercom_interrupt.o
 .debug_info    0x00011f6f      0x1e1 src/ASF/common/utils/interrupt/interrupt_sam_nvic.o
 .debug_info    0x00012150      0x995 src/ASF/sam0/boards/samd20_xplained_pro/board_init.o
 .debug_info    0x00012ae5      0x98d src/ASF/sam0/drivers/port/port.o
 .debug_info    0x00013472     0x3419 src/ASF/sam0/drivers/system/clock/clock_samd20/clock.o
 .debug_info    0x0001688b     0x1447 src/ASF/sam0/drivers/system/clock/clock_samd20/gclk.o
 .debug_info    0x00017cd2      0xa72 src/ASF/sam0/drivers/system/pinmux/pinmux.o
 .debug_info    0x00018744      0x179 src/ASF/sam0/drivers/system/system.o
 .debug_info    0x000188bd      0x478 src/ASF/sam0/utils/cmsis/samd20/source/gcc/startup_samd20.o
 .debug_info    0x00018d35      0x427 src/ASF/sam0/utils/syscalls/gcc/syscalls.o
 .debug_info    0x0001915c     0x35bd src/main.o
 .debug_info    0x0001c719      0x10f c:/program files (x86)/atmel/atmel toolchain/arm gcc/native/4.8.1426/arm-gnu-toolchain/bin/../lib/gcc/arm-none-eabi/4.8.3/../../../../arm-none-eabi/lib/armv6-m\libc.a(lib_a-atexit.o)
 .debug_info    0x0001c828       0xf4 c:/program files (x86)/atmel/atmel toolchain/arm gcc/native/4.8.1426/arm-gnu-toolchain/bin/../lib/gcc/arm-none-eabi/4.8.3/../../../../arm-none-eabi/lib/armv6-m\libc.a(lib_a-fini.o)
 .debug_info    0x0001c91c      0x96c c:/program files (x86)/atmel/atmel toolchain/arm gcc/native/4.8.1426/arm-gnu-toolchain/bin/../lib/gcc/arm-none-eabi/4.8.3/../../../../arm-none-eabi/lib/armv6-m\libc.a(lib_a-impure.o)
 .debug_info    0x0001d288      0x112 c:/program files (x86)/atmel/atmel toolchain/arm gcc/native/4.8.1426/arm-gnu-toolchain/bin/../lib/gcc/arm-none-eabi/4.8.3/../../../../arm-none-eabi/lib/armv6-m\libc.a(lib_a-init.o)
 .debug_info    0x0001d39a      0x103 c:/program files (x86)/atmel/atmel toolchain/arm gcc/native/4.8.1426/arm-gnu-toolchain/bin/../lib/gcc/arm-none-eabi/4.8.3/../../../../arm-none-eabi/lib/armv6-m\libc.a(lib_a-memcpy-stub.o)
 .debug_info    0x0001d49d       0xd3 c:/program files (x86)/atmel/atmel toolchain/arm gcc/native/4.8.1426/arm-gnu-toolchain/bin/../lib/gcc/arm-none-eabi/4.8.3/../../../../arm-none-eabi/lib/armv6-m\libc.a(lib_a-memset.o)
 .debug_info    0x0001d570      0xada c:/program files (x86)/atmel/atmel toolchain/arm gcc/native/4.8.1426/arm-gnu-toolchain/bin/../lib/gcc/arm-none-eabi/4.8.3/../../../../arm-none-eabi/lib/armv6-m\libc.a(lib_a-sprintf.o)
 .debug_info    0x0001e04a     0x17bb c:/program files (x86)/atmel/atmel toolchain/arm gcc/native/4.8.1426/arm-gnu-toolchain/bin/../lib/gcc/arm-none-eabi/4.8.3/../../../../arm-none-eabi/lib/armv6-m\libc.a(lib_a-svfprintf.o)
 .debug_info    0x0001f805      0xa14 c:/program files (x86)/atmel/atmel toolchain/arm gcc/native/4.8.1426/arm-gnu-toolchain/bin/../lib/gcc/arm-none-eabi/4.8.3/../../../../arm-none-eabi/lib/armv6-m\libc.a(lib_a-__atexit.o)
 .debug_info    0x00020219      0xa9e c:/program files (x86)/atmel/atmel toolchain/arm gcc/native/4.8.1426/arm-gnu-toolchain/bin/../lib/gcc/arm-none-eabi/4.8.3/../../../../arm-none-eabi/lib/armv6-m\libc.a(lib_a-__call_atexit.o)
 .debug_info    0x00020cb7     0x142d c:/program files (x86)/atmel/atmel toolchain/arm gcc/native/4.8.1426/arm-gnu-toolchain/bin/../lib/gcc/arm-none-eabi/4.8.3/../../../../arm-none-eabi/lib/armv6-m\libc.a(lib_a-dtoa.o)
 .debug_info    0x000220e4      0xd19 c:/program files (x86)/atmel/atmel toolchain/arm gcc/native/4.8.1426/arm-gnu-toolchain/bin/../lib/gcc/arm-none-eabi/4.8.3/../../../../arm-none-eabi/lib/armv6-m\libc.a(lib_a-freer.o)
 .debug_info    0x00022dfd      0xd17 c:/program files (x86)/atmel/atmel toolchain/arm gcc/native/4.8.1426/arm-gnu-toolchain/bin/../lib/gcc/arm-none-eabi/4.8.3/../../../../arm-none-eabi/lib/armv6-m\libc.a(lib_a-locale.o)
 .debug_info    0x00023b14      0xe23 c:/program files (x86)/atmel/atmel toolchain/arm gcc/native/4.8.1426/arm-gnu-toolchain/bin/../lib/gcc/arm-none-eabi/4.8.3/../../../../arm-none-eabi/lib/armv6-m\libc.a(lib_a-mallocr.o)
 .debug_info    0x00024937       0xf8 c:/program files (x86)/atmel/atmel toolchain/arm gcc/native/4.8.1426/arm-gnu-toolchain/bin/../lib/gcc/arm-none-eabi/4.8.3/../../../../arm-none-eabi/lib/armv6-m\libc.a(lib_a-memchr-stub.o)
 .debug_info    0x00024a2f      0x990 c:/program files (x86)/atmel/atmel toolchain/arm gcc/native/4.8.1426/arm-gnu-toolchain/bin/../lib/gcc/arm-none-eabi/4.8.3/../../../../arm-none-eabi/lib/armv6-m\libc.a(lib_a-mlock.o)
 .debug_info    0x000253bf     0x1754 c:/program files (x86)/atmel/atmel toolchain/arm gcc/native/4.8.1426/arm-gnu-toolchain/bin/../lib/gcc/arm-none-eabi/4.8.3/../../../../arm-none-eabi/lib/armv6-m\libc.a(lib_a-mprec.o)
 .debug_info    0x00026b13      0x147 c:/program files (x86)/atmel/atmel toolchain/arm gcc/native/4.8.1426/arm-gnu-toolchain/bin/../lib/gcc/arm-none-eabi/4.8.3/../../../../arm-none-eabi/lib/armv6-m\libc.a(lib_a-s_fpclassify.o)
 .debug_info    0x00026c5a      0x9d7 c:/program files (x86)/atmel/atmel toolchain/arm gcc/native/4.8.1426/arm-gnu-toolchain/bin/../lib/gcc/arm-none-eabi/4.8.3/../../../../arm-none-eabi/lib/armv6-m\libc.a(lib_a-sbrkr.o)
 .debug_info    0x00027631      0x11a c:/program files (x86)/atmel/atmel toolchain/arm gcc/native/4.8.1426/arm-gnu-toolchain/bin/../lib/gcc/arm-none-eabi/4.8.3/../../../../arm-none-eabi/lib/armv6-m\libc.a(lib_a-strcmp.o)
 .debug_info    0x0002774b       0xcd c:/program files (x86)/atmel/atmel toolchain/arm gcc/native/4.8.1426/arm-gnu-toolchain/bin/../lib/gcc/arm-none-eabi/4.8.3/../../../../arm-none-eabi/lib/armv6-m\libc.a(lib_a-strlen.o)
 .debug_info    0x00027818     0x1159 c:/program files (x86)/atmel/atmel toolchain/arm gcc/native/4.8.1426/arm-gnu-toolchain/bin/../lib/gcc/arm-none-eabi/4.8.3/../../../../arm-none-eabi/lib/armv6-m\libc.a(lib_a-svfiprintf.o)
 .debug_info    0x00028971      0xad5 c:/program files (x86)/atmel/atmel toolchain/arm gcc/native/4.8.1426/arm-gnu-toolchain/bin/../lib/gcc/arm-none-eabi/4.8.3/../../../../arm-none-eabi/lib/armv6-m\libc.a(lib_a-callocr.o)
 .debug_info    0x00029446      0x103 c:/program files (x86)/atmel/atmel toolchain/arm gcc/native/4.8.1426/arm-gnu-toolchain/bin/../lib/gcc/arm-none-eabi/4.8.3/../../../../arm-none-eabi/lib/armv6-m\libc.a(lib_a-memmove.o)
 .debug_info    0x00029549      0xdc2 c:/program files (x86)/atmel/atmel toolchain/arm gcc/native/4.8.1426/arm-gnu-toolchain/bin/../lib/gcc/arm-none-eabi/4.8.3/../../../../arm-none-eabi/lib/armv6-m\libc.a(lib_a-reallocr.o)
 .debug_info    0x0002a30b      0xade c:/program files (x86)/atmel/atmel toolchain/arm gcc/native/4.8.1426/arm-gnu-toolchain/bin/../lib/gcc/arm-none-eabi/4.8.3/../../../../arm-none-eabi/lib/armv6-m\libc.a(lib_a-reent.o)

.debug_abbrev   0x00000000     0x5a7e
 .debug_abbrev  0x00000000      0x365 src/ASF/sam0/components/sensor/at30tse75x/at30tse75x.o
 .debug_abbrev  0x00000365      0x411 src/ASF/sam0/drivers/sercom/usart/usart.o
 .debug_abbrev  0x00000776      0x3a4 src/ASF/sam0/drivers/sercom/usart/usart_interrupt.o
 .debug_abbrev  0x00000b1a      0x259 src/ASF/sam0/drivers/tc/tc_interrupt.o
 .debug_abbrev  0x00000d73      0x487 src/ASF/sam0/drivers/sercom/i2c/i2c_samd20/i2c_master.o
 .debug_abbrev  0x000011fa      0x372 src/ASF/sam0/drivers/sercom/i2c/i2c_samd20/i2c_master_interrupt.o
 .debug_abbrev  0x0000156c      0x232 src/ASF/sam0/drivers/sercom/sercom.o
 .debug_abbrev  0x0000179e      0x247 src/ASF/sam0/drivers/sercom/sercom_interrupt.o
 .debug_abbrev  0x000019e5       0xf6 src/ASF/common/utils/interrupt/interrupt_sam_nvic.o
 .debug_abbrev  0x00001adb      0x25a src/ASF/sam0/boards/samd20_xplained_pro/board_init.o
 .debug_abbrev  0x00001d35      0x1e9 src/ASF/sam0/drivers/port/port.o
 .debug_abbrev  0x00001f1e      0x3d7 src/ASF/sam0/drivers/system/clock/clock_samd20/clock.o
 .debug_abbrev  0x000022f5      0x350 src/ASF/sam0/drivers/system/clock/clock_samd20/gclk.o
 .debug_abbrev  0x00002645      0x296 src/ASF/sam0/drivers/system/pinmux/pinmux.o
 .debug_abbrev  0x000028db       0xb9 src/ASF/sam0/drivers/system/system.o
 .debug_abbrev  0x00002994      0x12e src/ASF/sam0/utils/cmsis/samd20/source/gcc/startup_samd20.o
 .debug_abbrev  0x00002ac2      0x141 src/ASF/sam0/utils/syscalls/gcc/syscalls.o
 .debug_abbrev  0x00002c03      0x3de src/main.o
 .debug_abbrev  0x00002fe1       0xb3 c:/program files (x86)/atmel/atmel toolchain/arm gcc/native/4.8.1426/arm-gnu-toolchain/bin/../lib/gcc/arm-none-eabi/4.8.3/../../../../arm-none-eabi/lib/armv6-m\libc.a(lib_a-atexit.o)
 .debug_abbrev  0x00003094       0xb6 c:/program files (x86)/atmel/atmel toolchain/arm gcc/native/4.8.1426/arm-gnu-toolchain/bin/../lib/gcc/arm-none-eabi/4.8.3/../../../../arm-none-eabi/lib/armv6-m\libc.a(lib_a-fini.o)
 .debug_abbrev  0x0000314a      0x160 c:/program files (x86)/atmel/atmel toolchain/arm gcc/native/4.8.1426/arm-gnu-toolchain/bin/../lib/gcc/arm-none-eabi/4.8.3/../../../../arm-none-eabi/lib/armv6-m\libc.a(lib_a-impure.o)
 .debug_abbrev  0x000032aa       0xb8 c:/program files (x86)/atmel/atmel toolchain/arm gcc/native/4.8.1426/arm-gnu-toolchain/bin/../lib/gcc/arm-none-eabi/4.8.3/../../../../arm-none-eabi/lib/armv6-m\libc.a(lib_a-init.o)
 .debug_abbrev  0x00003362       0xa2 c:/program files (x86)/atmel/atmel toolchain/arm gcc/native/4.8.1426/arm-gnu-toolchain/bin/../lib/gcc/arm-none-eabi/4.8.3/../../../../arm-none-eabi/lib/armv6-m\libc.a(lib_a-memcpy-stub.o)
 .debug_abbrev  0x00003404       0x8c c:/program files (x86)/atmel/atmel toolchain/arm gcc/native/4.8.1426/arm-gnu-toolchain/bin/../lib/gcc/arm-none-eabi/4.8.3/../../../../arm-none-eabi/lib/armv6-m\libc.a(lib_a-memset.o)
 .debug_abbrev  0x00003490      0x1fa c:/program files (x86)/atmel/atmel toolchain/arm gcc/native/4.8.1426/arm-gnu-toolchain/bin/../lib/gcc/arm-none-eabi/4.8.3/../../../../arm-none-eabi/lib/armv6-m\libc.a(lib_a-sprintf.o)
 .debug_abbrev  0x0000368a      0x353 c:/program files (x86)/atmel/atmel toolchain/arm gcc/native/4.8.1426/arm-gnu-toolchain/bin/../lib/gcc/arm-none-eabi/4.8.3/../../../../arm-none-eabi/lib/armv6-m\libc.a(lib_a-svfprintf.o)
 .debug_abbrev  0x000039dd      0x1ef c:/program files (x86)/atmel/atmel toolchain/arm gcc/native/4.8.1426/arm-gnu-toolchain/bin/../lib/gcc/arm-none-eabi/4.8.3/../../../../arm-none-eabi/lib/armv6-m\libc.a(lib_a-__atexit.o)
 .debug_abbrev  0x00003bcc      0x266 c:/program files (x86)/atmel/atmel toolchain/arm gcc/native/4.8.1426/arm-gnu-toolchain/bin/../lib/gcc/arm-none-eabi/4.8.3/../../../../arm-none-eabi/lib/armv6-m\libc.a(lib_a-__call_atexit.o)
 .debug_abbrev  0x00003e32      0x2cf c:/program files (x86)/atmel/atmel toolchain/arm gcc/native/4.8.1426/arm-gnu-toolchain/bin/../lib/gcc/arm-none-eabi/4.8.3/../../../../arm-none-eabi/lib/armv6-m\libc.a(lib_a-dtoa.o)
 .debug_abbrev  0x00004101      0x23a c:/program files (x86)/atmel/atmel toolchain/arm gcc/native/4.8.1426/arm-gnu-toolchain/bin/../lib/gcc/arm-none-eabi/4.8.3/../../../../arm-none-eabi/lib/armv6-m\libc.a(lib_a-freer.o)
 .debug_abbrev  0x0000433b      0x277 c:/program files (x86)/atmel/atmel toolchain/arm gcc/native/4.8.1426/arm-gnu-toolchain/bin/../lib/gcc/arm-none-eabi/4.8.3/../../../../arm-none-eabi/lib/armv6-m\libc.a(lib_a-locale.o)
 .debug_abbrev  0x000045b2      0x286 c:/program files (x86)/atmel/atmel toolchain/arm gcc/native/4.8.1426/arm-gnu-toolchain/bin/../lib/gcc/arm-none-eabi/4.8.3/../../../../arm-none-eabi/lib/armv6-m\libc.a(lib_a-mallocr.o)
 .debug_abbrev  0x00004838       0xa9 c:/program files (x86)/atmel/atmel toolchain/arm gcc/native/4.8.1426/arm-gnu-toolchain/bin/../lib/gcc/arm-none-eabi/4.8.3/../../../../arm-none-eabi/lib/armv6-m\libc.a(lib_a-memchr-stub.o)
 .debug_abbrev  0x000048e1      0x17a c:/program files (x86)/atmel/atmel toolchain/arm gcc/native/4.8.1426/arm-gnu-toolchain/bin/../lib/gcc/arm-none-eabi/4.8.3/../../../../arm-none-eabi/lib/armv6-m\libc.a(lib_a-mlock.o)
 .debug_abbrev  0x00004a5b      0x34a c:/program files (x86)/atmel/atmel toolchain/arm gcc/native/4.8.1426/arm-gnu-toolchain/bin/../lib/gcc/arm-none-eabi/4.8.3/../../../../arm-none-eabi/lib/armv6-m\libc.a(lib_a-mprec.o)
 .debug_abbrev  0x00004da5       0xc6 c:/program files (x86)/atmel/atmel toolchain/arm gcc/native/4.8.1426/arm-gnu-toolchain/bin/../lib/gcc/arm-none-eabi/4.8.3/../../../../arm-none-eabi/lib/armv6-m\libc.a(lib_a-s_fpclassify.o)
 .debug_abbrev  0x00004e6b      0x1dd c:/program files (x86)/atmel/atmel toolchain/arm gcc/native/4.8.1426/arm-gnu-toolchain/bin/../lib/gcc/arm-none-eabi/4.8.3/../../../../arm-none-eabi/lib/armv6-m\libc.a(lib_a-sbrkr.o)
 .debug_abbrev  0x00005048       0x14 c:/program files (x86)/atmel/atmel toolchain/arm gcc/native/4.8.1426/arm-gnu-toolchain/bin/../lib/gcc/arm-none-eabi/4.8.3/../../../../arm-none-eabi/lib/armv6-m\libc.a(lib_a-strcmp.o)
 .debug_abbrev  0x0000505c       0x8a c:/program files (x86)/atmel/atmel toolchain/arm gcc/native/4.8.1426/arm-gnu-toolchain/bin/../lib/gcc/arm-none-eabi/4.8.3/../../../../arm-none-eabi/lib/armv6-m\libc.a(lib_a-strlen.o)
 .debug_abbrev  0x000050e6      0x29e c:/program files (x86)/atmel/atmel toolchain/arm gcc/native/4.8.1426/arm-gnu-toolchain/bin/../lib/gcc/arm-none-eabi/4.8.3/../../../../arm-none-eabi/lib/armv6-m\libc.a(lib_a-svfiprintf.o)
 .debug_abbrev  0x00005384      0x1f7 c:/program files (x86)/atmel/atmel toolchain/arm gcc/native/4.8.1426/arm-gnu-toolchain/bin/../lib/gcc/arm-none-eabi/4.8.3/../../../../arm-none-eabi/lib/armv6-m\libc.a(lib_a-callocr.o)
 .debug_abbrev  0x0000557b       0x9a c:/program files (x86)/atmel/atmel toolchain/arm gcc/native/4.8.1426/arm-gnu-toolchain/bin/../lib/gcc/arm-none-eabi/4.8.3/../../../../arm-none-eabi/lib/armv6-m\libc.a(lib_a-memmove.o)
 .debug_abbrev  0x00005615      0x23b c:/program files (x86)/atmel/atmel toolchain/arm gcc/native/4.8.1426/arm-gnu-toolchain/bin/../lib/gcc/arm-none-eabi/4.8.3/../../../../arm-none-eabi/lib/armv6-m\libc.a(lib_a-reallocr.o)
 .debug_abbrev  0x00005850      0x22e c:/program files (x86)/atmel/atmel toolchain/arm gcc/native/4.8.1426/arm-gnu-toolchain/bin/../lib/gcc/arm-none-eabi/4.8.3/../../../../arm-none-eabi/lib/armv6-m\libc.a(lib_a-reent.o)

.debug_loc      0x00000000     0xd5d9
 .debug_loc     0x00000000      0x5d7 src/ASF/sam0/components/sensor/at30tse75x/at30tse75x.o
 .debug_loc     0x000005d7      0xc72 src/ASF/sam0/drivers/sercom/usart/usart.o
 .debug_loc     0x00001249      0x688 src/ASF/sam0/drivers/sercom/usart/usart_interrupt.o
 .debug_loc     0x000018d1      0x21d src/ASF/sam0/drivers/tc/tc_interrupt.o
 .debug_loc     0x00001aee      0xa2b src/ASF/sam0/drivers/sercom/i2c/i2c_samd20/i2c_master.o
 .debug_loc     0x00002519      0x499 src/ASF/sam0/drivers/sercom/i2c/i2c_samd20/i2c_master_interrupt.o
 .debug_loc     0x000029b2      0x7d2 src/ASF/sam0/drivers/sercom/sercom.o
 .debug_loc     0x00003184      0x208 src/ASF/sam0/drivers/sercom/sercom_interrupt.o
 .debug_loc     0x0000338c       0x1e src/ASF/common/utils/interrupt/interrupt_sam_nvic.o
 .debug_loc     0x000033aa       0x59 src/ASF/sam0/boards/samd20_xplained_pro/board_init.o
 .debug_loc     0x00003403      0x16d src/ASF/sam0/drivers/port/port.o
 .debug_loc     0x00003570      0xfae src/ASF/sam0/drivers/system/clock/clock_samd20/clock.o
 .debug_loc     0x0000451e      0x48e src/ASF/sam0/drivers/system/clock/clock_samd20/gclk.o
 .debug_loc     0x000049ac      0x2cc src/ASF/sam0/drivers/system/pinmux/pinmux.o
 .debug_loc     0x00004c78       0x20 src/ASF/sam0/drivers/system/system.o
 .debug_loc     0x00004c98       0x7c src/ASF/sam0/utils/cmsis/samd20/source/gcc/startup_samd20.o
 .debug_loc     0x00004d14      0x112 src/ASF/sam0/utils/syscalls/gcc/syscalls.o
 .debug_loc     0x00004e26      0x17d src/main.o
 .debug_loc     0x00004fa3       0x4c c:/program files (x86)/atmel/atmel toolchain/arm gcc/native/4.8.1426/arm-gnu-toolchain/bin/../lib/gcc/arm-none-eabi/4.8.3/../../../../arm-none-eabi/lib/armv6-m\libc.a(lib_a-atexit.o)
 .debug_loc     0x00004fef       0x4b c:/program files (x86)/atmel/atmel toolchain/arm gcc/native/4.8.1426/arm-gnu-toolchain/bin/../lib/gcc/arm-none-eabi/4.8.3/../../../../arm-none-eabi/lib/armv6-m\libc.a(lib_a-fini.o)
 .debug_loc     0x0000503a       0x74 c:/program files (x86)/atmel/atmel toolchain/arm gcc/native/4.8.1426/arm-gnu-toolchain/bin/../lib/gcc/arm-none-eabi/4.8.3/../../../../arm-none-eabi/lib/armv6-m\libc.a(lib_a-init.o)
 .debug_loc     0x000050ae       0xef c:/program files (x86)/atmel/atmel toolchain/arm gcc/native/4.8.1426/arm-gnu-toolchain/bin/../lib/gcc/arm-none-eabi/4.8.3/../../../../arm-none-eabi/lib/armv6-m\libc.a(lib_a-memcpy-stub.o)
 .debug_loc     0x0000519d       0x87 c:/program files (x86)/atmel/atmel toolchain/arm gcc/native/4.8.1426/arm-gnu-toolchain/bin/../lib/gcc/arm-none-eabi/4.8.3/../../../../arm-none-eabi/lib/armv6-m\libc.a(lib_a-memset.o)
 .debug_loc     0x00005224      0x106 c:/program files (x86)/atmel/atmel toolchain/arm gcc/native/4.8.1426/arm-gnu-toolchain/bin/../lib/gcc/arm-none-eabi/4.8.3/../../../../arm-none-eabi/lib/armv6-m\libc.a(lib_a-sprintf.o)
 .debug_loc     0x0000532a     0x18f7 c:/program files (x86)/atmel/atmel toolchain/arm gcc/native/4.8.1426/arm-gnu-toolchain/bin/../lib/gcc/arm-none-eabi/4.8.3/../../../../arm-none-eabi/lib/armv6-m\libc.a(lib_a-svfprintf.o)
 .debug_loc     0x00006c21      0x14c c:/program files (x86)/atmel/atmel toolchain/arm gcc/native/4.8.1426/arm-gnu-toolchain/bin/../lib/gcc/arm-none-eabi/4.8.3/../../../../arm-none-eabi/lib/armv6-m\libc.a(lib_a-__atexit.o)
 .debug_loc     0x00006d6d      0x1f3 c:/program files (x86)/atmel/atmel toolchain/arm gcc/native/4.8.1426/arm-gnu-toolchain/bin/../lib/gcc/arm-none-eabi/4.8.3/../../../../arm-none-eabi/lib/armv6-m\libc.a(lib_a-__call_atexit.o)
 .debug_loc     0x00006f60     0x18e6 c:/program files (x86)/atmel/atmel toolchain/arm gcc/native/4.8.1426/arm-gnu-toolchain/bin/../lib/gcc/arm-none-eabi/4.8.3/../../../../arm-none-eabi/lib/armv6-m\libc.a(lib_a-dtoa.o)
 .debug_loc     0x00008846      0x3ee c:/program files (x86)/atmel/atmel toolchain/arm gcc/native/4.8.1426/arm-gnu-toolchain/bin/../lib/gcc/arm-none-eabi/4.8.3/../../../../arm-none-eabi/lib/armv6-m\libc.a(lib_a-freer.o)
 .debug_loc     0x00008c34      0x16f c:/program files (x86)/atmel/atmel toolchain/arm gcc/native/4.8.1426/arm-gnu-toolchain/bin/../lib/gcc/arm-none-eabi/4.8.3/../../../../arm-none-eabi/lib/armv6-m\libc.a(lib_a-locale.o)
 .debug_loc     0x00008da3      0x7de c:/program files (x86)/atmel/atmel toolchain/arm gcc/native/4.8.1426/arm-gnu-toolchain/bin/../lib/gcc/arm-none-eabi/4.8.3/../../../../arm-none-eabi/lib/armv6-m\libc.a(lib_a-mallocr.o)
 .debug_loc     0x00009581       0x78 c:/program files (x86)/atmel/atmel toolchain/arm gcc/native/4.8.1426/arm-gnu-toolchain/bin/../lib/gcc/arm-none-eabi/4.8.3/../../../../arm-none-eabi/lib/armv6-m\libc.a(lib_a-memchr-stub.o)
 .debug_loc     0x000095f9     0x1bb9 c:/program files (x86)/atmel/atmel toolchain/arm gcc/native/4.8.1426/arm-gnu-toolchain/bin/../lib/gcc/arm-none-eabi/4.8.3/../../../../arm-none-eabi/lib/armv6-m\libc.a(lib_a-mprec.o)
 .debug_loc     0x0000b1b2       0x86 c:/program files (x86)/atmel/atmel toolchain/arm gcc/native/4.8.1426/arm-gnu-toolchain/bin/../lib/gcc/arm-none-eabi/4.8.3/../../../../arm-none-eabi/lib/armv6-m\libc.a(lib_a-s_fpclassify.o)
 .debug_loc     0x0000b238       0x6d c:/program files (x86)/atmel/atmel toolchain/arm gcc/native/4.8.1426/arm-gnu-toolchain/bin/../lib/gcc/arm-none-eabi/4.8.3/../../../../arm-none-eabi/lib/armv6-m\libc.a(lib_a-sbrkr.o)
 .debug_loc     0x0000b2a5       0x21 c:/program files (x86)/atmel/atmel toolchain/arm gcc/native/4.8.1426/arm-gnu-toolchain/bin/../lib/gcc/arm-none-eabi/4.8.3/../../../../arm-none-eabi/lib/armv6-m\libc.a(lib_a-strlen.o)
 .debug_loc     0x0000b2c6      0xfba c:/program files (x86)/atmel/atmel toolchain/arm gcc/native/4.8.1426/arm-gnu-toolchain/bin/../lib/gcc/arm-none-eabi/4.8.3/../../../../arm-none-eabi/lib/armv6-m\libc.a(lib_a-svfiprintf.o)
 .debug_loc     0x0000c280      0x205 c:/program files (x86)/atmel/atmel toolchain/arm gcc/native/4.8.1426/arm-gnu-toolchain/bin/../lib/gcc/arm-none-eabi/4.8.3/../../../../arm-none-eabi/lib/armv6-m\libc.a(lib_a-callocr.o)
 .debug_loc     0x0000c485      0x16c c:/program files (x86)/atmel/atmel toolchain/arm gcc/native/4.8.1426/arm-gnu-toolchain/bin/../lib/gcc/arm-none-eabi/4.8.3/../../../../arm-none-eabi/lib/armv6-m\libc.a(lib_a-memmove.o)
 .debug_loc     0x0000c5f1      0xeb7 c:/program files (x86)/atmel/atmel toolchain/arm gcc/native/4.8.1426/arm-gnu-toolchain/bin/../lib/gcc/arm-none-eabi/4.8.3/../../../../arm-none-eabi/lib/armv6-m\libc.a(lib_a-reallocr.o)
 .debug_loc     0x0000d4a8      0x131 c:/program files (x86)/atmel/atmel toolchain/arm gcc/native/4.8.1426/arm-gnu-toolchain/bin/../lib/gcc/arm-none-eabi/4.8.3/../../../../arm-none-eabi/lib/armv6-m\libc.a(lib_a-reent.o)

.debug_aranges  0x00000000      0x8d8
 .debug_aranges
                0x00000000       0x58 src/ASF/sam0/components/sensor/at30tse75x/at30tse75x.o
 .debug_aranges
                0x00000058       0x40 src/ASF/sam0/drivers/sercom/usart/usart.o
 .debug_aranges
                0x00000098       0x70 src/ASF/sam0/drivers/sercom/usart/usart_interrupt.o
 .debug_aranges
                0x00000108       0x70 src/ASF/sam0/drivers/tc/tc_interrupt.o
 .debug_aranges
                0x00000178       0x78 src/ASF/sam0/drivers/sercom/i2c/i2c_samd20/i2c_master.o
 .debug_aranges
                0x000001f0       0x68 src/ASF/sam0/drivers/sercom/i2c/i2c_samd20/i2c_master_interrupt.o
 .debug_aranges
                0x00000258       0x38 src/ASF/sam0/drivers/sercom/sercom.o
 .debug_aranges
                0x00000290       0x68 src/ASF/sam0/drivers/sercom/sercom_interrupt.o
 .debug_aranges
                0x000002f8       0x28 src/ASF/common/utils/interrupt/interrupt_sam_nvic.o
 .debug_aranges
                0x00000320       0x20 src/ASF/sam0/boards/samd20_xplained_pro/board_init.o
 .debug_aranges
                0x00000340       0x28 src/ASF/sam0/drivers/port/port.o
 .debug_aranges
                0x00000368       0x70 src/ASF/sam0/drivers/system/clock/clock_samd20/clock.o
 .debug_aranges
                0x000003d8       0x80 src/ASF/sam0/drivers/system/clock/clock_samd20/gclk.o
 .debug_aranges
                0x00000458       0x38 src/ASF/sam0/drivers/system/pinmux/pinmux.o
 .debug_aranges
                0x00000490       0x30 src/ASF/sam0/drivers/system/system.o
 .debug_aranges
                0x000004c0       0x28 src/ASF/sam0/utils/cmsis/samd20/source/gcc/startup_samd20.o
 .debug_aranges
                0x000004e8       0x60 src/ASF/sam0/utils/syscalls/gcc/syscalls.o
 .debug_aranges
                0x00000548       0x50 src/main.o
 .debug_aranges
                0x00000598       0x20 c:/program files (x86)/atmel/atmel toolchain/arm gcc/native/4.8.1426/arm-gnu-toolchain/bin/../lib/gcc/arm-none-eabi/4.8.3/../../../../arm-none-eabi/lib/armv6-m\libc.a(lib_a-atexit.o)
 .debug_aranges
                0x000005b8       0x20 c:/program files (x86)/atmel/atmel toolchain/arm gcc/native/4.8.1426/arm-gnu-toolchain/bin/../lib/gcc/arm-none-eabi/4.8.3/../../../../arm-none-eabi/lib/armv6-m\libc.a(lib_a-fini.o)
 .debug_aranges
                0x000005d8       0x18 c:/program files (x86)/atmel/atmel toolchain/arm gcc/native/4.8.1426/arm-gnu-toolchain/bin/../lib/gcc/arm-none-eabi/4.8.3/../../../../arm-none-eabi/lib/armv6-m\libc.a(lib_a-impure.o)
 .debug_aranges
                0x000005f0       0x20 c:/program files (x86)/atmel/atmel toolchain/arm gcc/native/4.8.1426/arm-gnu-toolchain/bin/../lib/gcc/arm-none-eabi/4.8.3/../../../../arm-none-eabi/lib/armv6-m\libc.a(lib_a-init.o)
 .debug_aranges
                0x00000610       0x20 c:/program files (x86)/atmel/atmel toolchain/arm gcc/native/4.8.1426/arm-gnu-toolchain/bin/../lib/gcc/arm-none-eabi/4.8.3/../../../../arm-none-eabi/lib/armv6-m\libc.a(lib_a-memcpy-stub.o)
 .debug_aranges
                0x00000630       0x20 c:/program files (x86)/atmel/atmel toolchain/arm gcc/native/4.8.1426/arm-gnu-toolchain/bin/../lib/gcc/arm-none-eabi/4.8.3/../../../../arm-none-eabi/lib/armv6-m\libc.a(lib_a-memset.o)
 .debug_aranges
                0x00000650       0x20 c:/program files (x86)/atmel/atmel toolchain/arm gcc/native/4.8.1426/arm-gnu-toolchain/bin/../lib/gcc/arm-none-eabi/4.8.3/../../../../arm-none-eabi/lib/armv6-m\libc.a(lib_a-sprintf.o)
 .debug_aranges
                0x00000670       0x20 c:/program files (x86)/atmel/atmel toolchain/arm gcc/native/4.8.1426/arm-gnu-toolchain/bin/../lib/gcc/arm-none-eabi/4.8.3/../../../../arm-none-eabi/lib/armv6-m\libc.a(lib_a-svfprintf.o)
 .debug_aranges
                0x00000690       0x20 c:/program files (x86)/atmel/atmel toolchain/arm gcc/native/4.8.1426/arm-gnu-toolchain/bin/../lib/gcc/arm-none-eabi/4.8.3/../../../../arm-none-eabi/lib/armv6-m\libc.a(lib_a-__atexit.o)
 .debug_aranges
                0x000006b0       0x28 c:/program files (x86)/atmel/atmel toolchain/arm gcc/native/4.8.1426/arm-gnu-toolchain/bin/../lib/gcc/arm-none-eabi/4.8.3/../../../../arm-none-eabi/lib/armv6-m\libc.a(lib_a-__call_atexit.o)
 .debug_aranges
                0x000006d8       0x20 c:/program files (x86)/atmel/atmel toolchain/arm gcc/native/4.8.1426/arm-gnu-toolchain/bin/../lib/gcc/arm-none-eabi/4.8.3/../../../../arm-none-eabi/lib/armv6-m\libc.a(lib_a-dtoa.o)
 .debug_aranges
                0x000006f8       0x20 c:/program files (x86)/atmel/atmel toolchain/arm gcc/native/4.8.1426/arm-gnu-toolchain/bin/../lib/gcc/arm-none-eabi/4.8.3/../../../../arm-none-eabi/lib/armv6-m\libc.a(lib_a-freer.o)
 .debug_aranges
                0x00000718       0x20 c:/program files (x86)/atmel/atmel toolchain/arm gcc/native/4.8.1426/arm-gnu-toolchain/bin/../lib/gcc/arm-none-eabi/4.8.3/../../../../arm-none-eabi/lib/armv6-m\libc.a(lib_a-locale.o)
 .debug_aranges
                0x00000738       0x20 c:/program files (x86)/atmel/atmel toolchain/arm gcc/native/4.8.1426/arm-gnu-toolchain/bin/../lib/gcc/arm-none-eabi/4.8.3/../../../../arm-none-eabi/lib/armv6-m\libc.a(lib_a-mallocr.o)
 .debug_aranges
                0x00000758       0x20 c:/program files (x86)/atmel/atmel toolchain/arm gcc/native/4.8.1426/arm-gnu-toolchain/bin/../lib/gcc/arm-none-eabi/4.8.3/../../../../arm-none-eabi/lib/armv6-m\libc.a(lib_a-memchr-stub.o)
 .debug_aranges
                0x00000778       0x20 c:/program files (x86)/atmel/atmel toolchain/arm gcc/native/4.8.1426/arm-gnu-toolchain/bin/../lib/gcc/arm-none-eabi/4.8.3/../../../../arm-none-eabi/lib/armv6-m\libc.a(lib_a-mlock.o)
 .debug_aranges
                0x00000798       0x20 c:/program files (x86)/atmel/atmel toolchain/arm gcc/native/4.8.1426/arm-gnu-toolchain/bin/../lib/gcc/arm-none-eabi/4.8.3/../../../../arm-none-eabi/lib/armv6-m\libc.a(lib_a-mprec.o)
 .debug_aranges
                0x000007b8       0x20 c:/program files (x86)/atmel/atmel toolchain/arm gcc/native/4.8.1426/arm-gnu-toolchain/bin/../lib/gcc/arm-none-eabi/4.8.3/../../../../arm-none-eabi/lib/armv6-m\libc.a(lib_a-s_fpclassify.o)
 .debug_aranges
                0x000007d8       0x20 c:/program files (x86)/atmel/atmel toolchain/arm gcc/native/4.8.1426/arm-gnu-toolchain/bin/../lib/gcc/arm-none-eabi/4.8.3/../../../../arm-none-eabi/lib/armv6-m\libc.a(lib_a-sbrkr.o)
 .debug_aranges
                0x000007f8       0x20 c:/program files (x86)/atmel/atmel toolchain/arm gcc/native/4.8.1426/arm-gnu-toolchain/bin/../lib/gcc/arm-none-eabi/4.8.3/../../../../arm-none-eabi/lib/armv6-m\libc.a(lib_a-strcmp.o)
 .debug_aranges
                0x00000818       0x20 c:/program files (x86)/atmel/atmel toolchain/arm gcc/native/4.8.1426/arm-gnu-toolchain/bin/../lib/gcc/arm-none-eabi/4.8.3/../../../../arm-none-eabi/lib/armv6-m\libc.a(lib_a-strlen.o)
 .debug_aranges
                0x00000838       0x20 c:/program files (x86)/atmel/atmel toolchain/arm gcc/native/4.8.1426/arm-gnu-toolchain/bin/../lib/gcc/arm-none-eabi/4.8.3/../../../../arm-none-eabi/lib/armv6-m\libc.a(lib_a-svfiprintf.o)
 .debug_aranges